Command line invocation:
    /Applications/Xcode.app/Contents/Developer/usr/bin/xcodebuild -project PhotoBox.xcodeproj -scheme PhotoBox -configuration Debug -destination "generic/platform=iOS Simulator" -derivedDataPath /tmp/PhotoBoxAIWorkflowDerivedData CODE_SIGNING_ALLOWED=NO build

Build settings from command line:
    CODE_SIGNING_ALLOWED = NO

2026-09-14 18:12:20.889 xcodebuild[4598:1120436] [MT] IDERunDestination: Supported platforms for the buildables in the current scheme is empty.
ComputePackagePrebuildTargetDependencyGraph

Prepare packages

CreateBuildRequest

SendProjectDescription

CreateBuildOperation

ComputeTargetDependencyGraph
note: Building targets in dependency order
note: Target dependency graph (1 target)
    Target 'PhotoBox' in project 'PhotoBox' (no dependencies)

GatherProvisioningInputs

CreateBuildDescription

ExecuteExternalTool /Applications/Xcode.app/Contents/Developer/Toolchains/XcodeDefault.xctoolchain/usr/bin/clang -v -E -dM -isysroot /Applications/Xcode.app/Contents/Developer/Platforms/iPhoneSimulator.platform/Developer/SDKs/iPhoneSimulator26.2.sdk -x c -c /dev/null

ExecuteExternalTool /Applications/Xcode.app/Contents/Developer/usr/bin/actool --print-asset-tag-combinations --output-format xml1 /Users/mac/Documents/Project/PhotoBox/PhotoBox/Assets.xcassets

ExecuteExternalTool /Applications/Xcode.app/Contents/Developer/usr/bin/actool --version --output-format xml1

ExecuteExternalTool /Applications/Xcode.app/Contents/Developer/Toolchains/XcodeDefault.xctoolchain/usr/bin/swiftc --version

ExecuteExternalTool /Applications/Xcode.app/Contents/Developer/Toolchains/XcodeDefault.xctoolchain/usr/bin/ld -version_details

Build description signature: e004ee82d032e6901ccfe7d8c0f32b94
Build description path: /tmp/PhotoBoxAIWorkflowDerivedData/Build/Intermediates.noindex/XCBuildData/e004ee82d032e6901ccfe7d8c0f32b94.xcbuilddata
ClangStatCache /Applications/Xcode.app/Contents/Developer/Toolchains/XcodeDefault.xctoolchain/usr/bin/clang-stat-cache /Applications/Xcode.app/Contents/Developer/Platforms/iPhoneSimulator.platform/Developer/SDKs/iPhoneSimulator26.2.sdk /tmp/PhotoBoxAIWorkflowDerivedData/SDKStatCaches.noindex/iphonesimulator26.2-23C57-7d00a8b37fbd7999ea79df8ebc024bf0.sdkstatcache
    cd /Users/mac/Documents/Project/PhotoBox/PhotoBox.xcodeproj
    /Applications/Xcode.app/Contents/Developer/Toolchains/XcodeDefault.xctoolchain/usr/bin/clang-stat-cache /Applications/Xcode.app/Contents/Developer/Platforms/iPhoneSimulator.platform/Developer/SDKs/iPhoneSimulator26.2.sdk -o /tmp/PhotoBoxAIWorkflowDerivedData/SDKStatCaches.noindex/iphonesimulator26.2-23C57-7d00a8b37fbd7999ea79df8ebc024bf0.sdkstatcache

PhaseScriptExecution Provision\ Target\ Device /tmp/PhotoBoxAIWorkflowDerivedData/Build/Intermediates.noindex/PhotoBox.build/Debug-iphonesimulator/PhotoBox.build/Script-7692077D35CC49218C162AE3.sh (in target 'PhotoBox' from project 'PhotoBox')
    cd /Users/mac/Documents/Project/PhotoBox
    /bin/sh -c /tmp/PhotoBoxAIWorkflowDerivedData/Build/Intermediates.noindex/PhotoBox.build/Debug-iphonesimulator/PhotoBox.build/Script-7692077D35CC49218C162AE3.sh

SwiftDriver PhotoBox normal arm64 com.apple.xcode.tools.swift.compiler (in target 'PhotoBox' from project 'PhotoBox')
    cd /Users/mac/Documents/Project/PhotoBox
    builtin-SwiftDriver -- /Applications/Xcode.app/Contents/Developer/Toolchains/XcodeDefault.xctoolchain/usr/bin/swiftc -module-name PhotoBox -Onone -enforce-exclusivity\=checked @/tmp/PhotoBoxAIWorkflowDerivedData/Build/Intermediates.noindex/PhotoBox.build/Debug-iphonesimulator/PhotoBox.build/Objects-normal/arm64/PhotoBox.SwiftFileList -DDEBUG -default-isolation\=MainActor -enable-bare-slash-regex -enable-upcoming-feature DisableOutwardActorInference -enable-upcoming-feature InferSendableFromCaptures -enable-upcoming-feature GlobalActorIsolatedTypesUsability -enable-upcoming-feature MemberImportVisibility -enable-upcoming-feature InferIsolatedConformances -enable-upcoming-feature NonisolatedNonsendingByDefault -enable-experimental-feature DebugDescriptionMacro -sdk /Applications/Xcode.app/Contents/Developer/Platforms/iPhoneSimulator.platform/Developer/SDKs/iPhoneSimulator26.2.sdk -target arm64-apple-ios17.0-simulator -g -module-cache-path /tmp/PhotoBoxAIWorkflowDerivedData/ModuleCache.noindex -Xfrontend -serialize-debugging-options -profile-coverage-mapping -profile-generate -enable-testing -index-store-path /tmp/PhotoBoxAIWorkflowDerivedData/Index.noindex/DataStore -Xcc -D_LIBCPP_HARDENING_MODE\=_LIBCPP_HARDENING_MODE_DEBUG -swift-version 5 -I /tmp/PhotoBoxAIWorkflowDerivedData/Build/Products/Debug-iphonesimulator -F /tmp/PhotoBoxAIWorkflowDerivedData/Build/Products/Debug-iphonesimulator -emit-localized-strings -emit-localized-strings-path /tmp/PhotoBoxAIWorkflowDerivedData/Build/Intermediates.noindex/PhotoBox.build/Debug-iphonesimulator/PhotoBox.build/Objects-normal/arm64 -c -j10 -enable-batch-mode -incremental -Xcc -ivfsstatcache -Xcc /tmp/PhotoBoxAIWorkflowDerivedData/SDKStatCaches.noindex/iphonesimulator26.2-23C57-7d00a8b37fbd7999ea79df8ebc024bf0.sdkstatcache -output-file-map /tmp/PhotoBoxAIWorkflowDerivedData/Build/Intermediates.noindex/PhotoBox.build/Debug-iphonesimulator/PhotoBox.build/Objects-normal/arm64/PhotoBox-OutputFileMap.json -use-frontend-parseable-output -save-temps -no-color-diagnostics -explicit-module-build -module-cache-path /tmp/PhotoBoxAIWorkflowDerivedData/Build/Intermediates.noindex/SwiftExplicitPrecompiledModules -clang-scanner-module-cache-path /tmp/PhotoBoxAIWorkflowDerivedData/ModuleCache.noindex -sdk-module-cache-path /tmp/PhotoBoxAIWorkflowDerivedData/ModuleCache.noindex -serialize-diagnostics -emit-dependencies -emit-module -emit-module-path /tmp/PhotoBoxAIWorkflowDerivedData/Build/Intermediates.noindex/PhotoBox.build/Debug-iphonesimulator/PhotoBox.build/Objects-normal/arm64/PhotoBox.swiftmodule -validate-clang-modules-once -clang-build-session-file /tmp/PhotoBoxAIWorkflowDerivedData/ModuleCache.noindex/Session.modulevalidation -Xcc -I/tmp/PhotoBoxAIWorkflowDerivedData/Build/Intermediates.noindex/PhotoBox.build/Debug-iphonesimulator/PhotoBox.build/swift-overrides.hmap -emit-const-values -Xfrontend -const-gather-protocols-file -Xfrontend /tmp/PhotoBoxAIWorkflowDerivedData/Build/Intermediates.noindex/PhotoBox.build/Debug-iphonesimulator/PhotoBox.build/Objects-normal/arm64/PhotoBox_const_extract_protocols.json -Xcc -iquote -Xcc /tmp/PhotoBoxAIWorkflowDerivedData/Build/Intermediates.noindex/PhotoBox.build/Debug-iphonesimulator/PhotoBox.build/PhotoBox-generated-files.hmap -Xcc -I/tmp/PhotoBoxAIWorkflowDerivedData/Build/Intermediates.noindex/PhotoBox.build/Debug-iphonesimulator/PhotoBox.build/PhotoBox-own-target-headers.hmap -Xcc -I/tmp/PhotoBoxAIWorkflowDerivedData/Build/Intermediates.noindex/PhotoBox.build/Debug-iphonesimulator/PhotoBox.build/PhotoBox-all-target-headers.hmap -Xcc -iquote -Xcc /tmp/PhotoBoxAIWorkflowDerivedData/Build/Intermediates.noindex/PhotoBox.build/Debug-iphonesimulator/PhotoBox.build/PhotoBox-project-headers.hmap -Xcc -I/tmp/PhotoBoxAIWorkflowDerivedData/Build/Products/Debug-iphonesimulator/include -Xcc -I/tmp/PhotoBoxAIWorkflowDerivedData/Build/Intermediates.noindex/PhotoBox.build/Debug-iphonesimulator/PhotoBox.build/DerivedSources-normal/arm64 -Xcc -I/tmp/PhotoBoxAIWorkflowDerivedData/Build/Intermediates.noindex/PhotoBox.build/Debug-iphonesimulator/PhotoBox.build/DerivedSources/arm64 -Xcc -I/tmp/PhotoBoxAIWorkflowDerivedData/Build/Intermediates.noindex/PhotoBox.build/Debug-iphonesimulator/PhotoBox.build/DerivedSources -Xcc -DDEBUG\=1 -emit-objc-header -emit-objc-header-path /tmp/PhotoBoxAIWorkflowDerivedData/Build/Intermediates.noindex/PhotoBox.build/Debug-iphonesimulator/PhotoBox.build/Objects-normal/arm64/PhotoBox-Swift.h -working-directory /Users/mac/Documents/Project/PhotoBox -experimental-emit-module-separately -disable-cmo

SwiftCompile normal arm64 Compiling\ MySupportViews.swift /Users/mac/Documents/Project/PhotoBox/PhotoBox/Features/Home/MySupportViews.swift (in target 'PhotoBox' from project 'PhotoBox')

SwiftCompile normal arm64 /Users/mac/Documents/Project/PhotoBox/PhotoBox/Features/Home/MySupportViews.swift (in target 'PhotoBox' from project 'PhotoBox')
    cd /Users/mac/Documents/Project/PhotoBox
    

SwiftCompile normal arm64 Compiling\ MyWorkspaceView.swift /Users/mac/Documents/Project/PhotoBox/PhotoBox/Features/Home/MyWorkspaceView.swift (in target 'PhotoBox' from project 'PhotoBox')
SwiftCompile normal arm64 /Users/mac/Documents/Project/PhotoBox/PhotoBox/Features/Home/MyWorkspaceView.swift (in target 'PhotoBox' from project 'PhotoBox')
    cd /Users/mac/Documents/Project/PhotoBox
    

SwiftCompile normal arm64 Compiling\ AppModel.swift /Users/mac/Documents/Project/PhotoBox/PhotoBox/App/AppModel.swift (in target 'PhotoBox' from project 'PhotoBox')
SwiftCompile normal arm64 /Users/mac/Documents/Project/PhotoBox/PhotoBox/App/AppModel.swift (in target 'PhotoBox' from project 'PhotoBox')
    cd /Users/mac/Documents/Project/PhotoBox
    

SwiftEmitModule normal arm64 Emitting\ module\ for\ PhotoBox (in target 'PhotoBox' from project 'PhotoBox')

EmitSwiftModule normal arm64 (in target 'PhotoBox' from project 'PhotoBox')
    cd /Users/mac/Documents/Project/PhotoBox
    

SwiftCompile normal arm64 Compiling\ MyHomeUITestFixture.swift /Users/mac/Documents/Project/PhotoBox/PhotoBox/Services/MyHomeUITestFixture.swift (in target 'PhotoBox' from project 'PhotoBox')

SwiftCompile normal arm64 /Users/mac/Documents/Project/PhotoBox/PhotoBox/Services/MyHomeUITestFixture.swift (in target 'PhotoBox' from project 'PhotoBox')
    cd /Users/mac/Documents/Project/PhotoBox
    

SwiftDriverJobDiscovery normal arm64 Compiling MySupportViews.swift (in target 'PhotoBox' from project 'PhotoBox')

SwiftDriverJobDiscovery normal arm64 Compiling MyHomeUITestFixture.swift (in target 'PhotoBox' from project 'PhotoBox')

SwiftCompile normal arm64 Compiling\ ContentView.swift /Users/mac/Documents/Project/PhotoBox/PhotoBox/ContentView.swift (in target 'PhotoBox' from project 'PhotoBox')

SwiftCompile normal arm64 /Users/mac/Documents/Project/PhotoBox/PhotoBox/ContentView.swift (in target 'PhotoBox' from project 'PhotoBox')
    cd /Users/mac/Documents/Project/PhotoBox
    

SwiftDriverJobDiscovery normal arm64 Compiling MyWorkspaceView.swift (in target 'PhotoBox' from project 'PhotoBox')

SwiftDriverJobDiscovery normal arm64 Compiling ContentView.swift (in target 'PhotoBox' from project 'PhotoBox')

SwiftDriverJobDiscovery normal arm64 Compiling AppModel.swift (in target 'PhotoBox' from project 'PhotoBox')

SwiftCompile normal arm64 Compiling\ MainTabView.swift,\ SettingsView.swift /Users/mac/Documents/Project/PhotoBox/PhotoBox/Features/Main/MainTabView.swift /Users/mac/Documents/Project/PhotoBox/PhotoBox/Features/Settings/SettingsView.swift (in target 'PhotoBox' from project 'PhotoBox')

SwiftCompile normal arm64 /Users/mac/Documents/Project/PhotoBox/PhotoBox/Features/Main/MainTabView.swift (in target 'PhotoBox' from project 'PhotoBox')
    cd /Users/mac/Documents/Project/PhotoBox
    

SwiftCompile normal arm64 /Users/mac/Documents/Project/PhotoBox/PhotoBox/Features/Settings/SettingsView.swift (in target 'PhotoBox' from project 'PhotoBox')
    cd /Users/mac/Documents/Project/PhotoBox
    

SwiftCompile normal arm64 Compiling\ AlbumContentView.swift,\ AlbumsWorkspaceView.swift /Users/mac/Documents/Project/PhotoBox/PhotoBox/Features/Albums/AlbumContentView.swift /Users/mac/Documents/Project/PhotoBox/PhotoBox/Features/Albums/AlbumsWorkspaceView.swift (in target 'PhotoBox' from project 'PhotoBox')
SwiftCompile normal arm64 /Users/mac/Documents/Project/PhotoBox/PhotoBox/Features/Albums/AlbumContentView.swift (in target 'PhotoBox' from project 'PhotoBox')
    cd /Users/mac/Documents/Project/PhotoBox
    

SwiftCompile normal arm64 /Users/mac/Documents/Project/PhotoBox/PhotoBox/Features/Albums/AlbumsWorkspaceView.swift (in target 'PhotoBox' from project 'PhotoBox')
    cd /Users/mac/Documents/Project/PhotoBox
    

SwiftCompile normal arm64 Compiling\ CleanupHomeView.swift,\ DuplicateTasksView.swift /Users/mac/Documents/Project/PhotoBox/PhotoBox/Features/Home/CleanupHomeView.swift /Users/mac/Documents/Project/PhotoBox/PhotoBox/Features/Home/DuplicateTasksView.swift (in target 'PhotoBox' from project 'PhotoBox')

SwiftCompile normal arm64 /Users/mac/Documents/Project/PhotoBox/PhotoBox/Features/Home/CleanupHomeView.swift (in target 'PhotoBox' from project 'PhotoBox')
    cd /Users/mac/Documents/Project/PhotoBox
    

SwiftCompile normal arm64 /Users/mac/Documents/Project/PhotoBox/PhotoBox/Features/Home/DuplicateTasksView.swift (in target 'PhotoBox' from project 'PhotoBox')
    cd /Users/mac/Documents/Project/PhotoBox
    

SwiftCompile normal arm64 Compiling\ DiagnosisReportView.swift /Users/mac/Documents/Project/PhotoBox/PhotoBox/Features/Tasks/DiagnosisReportView.swift (in target 'PhotoBox' from project 'PhotoBox')

SwiftCompile normal arm64 /Users/mac/Documents/Project/PhotoBox/PhotoBox/Features/Tasks/DiagnosisReportView.swift (in target 'PhotoBox' from project 'PhotoBox')
    cd /Users/mac/Documents/Project/PhotoBox
    

SwiftCompile normal arm64 Compiling\ CleanupHomeUITestFixture.swift /Users/mac/Documents/Project/PhotoBox/PhotoBox/Services/CleanupHomeUITestFixture.swift (in target 'PhotoBox' from project 'PhotoBox')

SwiftCompile normal arm64 /Users/mac/Documents/Project/PhotoBox/PhotoBox/Services/CleanupHomeUITestFixture.swift (in target 'PhotoBox' from project 'PhotoBox')
    cd /Users/mac/Documents/Project/PhotoBox
    

SwiftCompile normal arm64 Compiling\ WeeklyInboxView.swift /Users/mac/Documents/Project/PhotoBox/PhotoBox/Features/Tasks/WeeklyInboxView.swift (in target 'PhotoBox' from project 'PhotoBox')

SwiftCompile normal arm64 /Users/mac/Documents/Project/PhotoBox/PhotoBox/Features/Tasks/WeeklyInboxView.swift (in target 'PhotoBox' from project 'PhotoBox')
    cd /Users/mac/Documents/Project/PhotoBox
    

SwiftCompile normal arm64 Compiling\ StatisticsView.swift /Users/mac/Documents/Project/PhotoBox/PhotoBox/Features/Statistics/StatisticsView.swift (in target 'PhotoBox' from project 'PhotoBox')

SwiftCompile normal arm64 /Users/mac/Documents/Project/PhotoBox/PhotoBox/Features/Statistics/StatisticsView.swift (in target 'PhotoBox' from project 'PhotoBox')
    cd /Users/mac/Documents/Project/PhotoBox
    

SwiftCompile normal arm64 Compiling\ PhotoBoxApp.swift /Users/mac/Documents/Project/PhotoBox/PhotoBox/PhotoBoxApp.swift (in target 'PhotoBox' from project 'PhotoBox')

SwiftCompile normal arm64 /Users/mac/Documents/Project/PhotoBox/PhotoBox/PhotoBoxApp.swift (in target 'PhotoBox' from project 'PhotoBox')
    cd /Users/mac/Documents/Project/PhotoBox
    

SwiftCompile normal arm64 Compiling\ TaskDashboardView.swift /Users/mac/Documents/Project/PhotoBox/PhotoBox/Features/Tasks/TaskDashboardView.swift (in target 'PhotoBox' from project 'PhotoBox')

SwiftCompile normal arm64 /Users/mac/Documents/Project/PhotoBox/PhotoBox/Features/Tasks/TaskDashboardView.swift (in target 'PhotoBox' from project 'PhotoBox')
    cd /Users/mac/Documents/Project/PhotoBox
    

SwiftCompile normal arm64 Compiling\ AlbumHomeUITestFixture.swift /Users/mac/Documents/Project/PhotoBox/PhotoBox/Services/AlbumHomeUITestFixture.swift (in target 'PhotoBox' from project 'PhotoBox')

SwiftCompile normal arm64 /Users/mac/Documents/Project/PhotoBox/PhotoBox/Services/AlbumHomeUITestFixture.swift (in target 'PhotoBox' from project 'PhotoBox')
    cd /Users/mac/Documents/Project/PhotoBox
    

SwiftDriverJobDiscovery normal arm64 Compiling PhotoBoxApp.swift (in target 'PhotoBox' from project 'PhotoBox')

SwiftDriverJobDiscovery normal arm64 Compiling DiagnosisReportView.swift (in target 'PhotoBox' from project 'PhotoBox')

SwiftDriverJobDiscovery normal arm64 Compiling AlbumHomeUITestFixture.swift (in target 'PhotoBox' from project 'PhotoBox')

SwiftDriverJobDiscovery normal arm64 Compiling CleanupHomeUITestFixture.swift (in target 'PhotoBox' from project 'PhotoBox')

SwiftDriverJobDiscovery normal arm64 Compiling StatisticsView.swift (in target 'PhotoBox' from project 'PhotoBox')

SwiftDriverJobDiscovery normal arm64 Compiling WeeklyInboxView.swift (in target 'PhotoBox' from project 'PhotoBox')

SwiftDriverJobDiscovery normal arm64 Compiling TaskDashboardView.swift (in target 'PhotoBox' from project 'PhotoBox')

SwiftDriverJobDiscovery normal arm64 Compiling MainTabView.swift, SettingsView.swift (in target 'PhotoBox' from project 'PhotoBox')

SwiftDriverJobDiscovery normal arm64 Compiling CleanupHomeView.swift, DuplicateTasksView.swift (in target 'PhotoBox' from project 'PhotoBox')

SwiftDriverJobDiscovery normal arm64 Compiling AlbumContentView.swift, AlbumsWorkspaceView.swift (in target 'PhotoBox' from project 'PhotoBox')

SwiftDriver\ Compilation PhotoBox normal arm64 com.apple.xcode.tools.swift.compiler (in target 'PhotoBox' from project 'PhotoBox')
    cd /Users/mac/Documents/Project/PhotoBox
    builtin-Swift-Compilation -- /Applications/Xcode.app/Contents/Developer/Toolchains/XcodeDefault.xctoolchain/usr/bin/swiftc -module-name PhotoBox -Onone -enforce-exclusivity\=checked @/tmp/PhotoBoxAIWorkflowDerivedData/Build/Intermediates.noindex/PhotoBox.build/Debug-iphonesimulator/PhotoBox.build/Objects-normal/arm64/PhotoBox.SwiftFileList -DDEBUG -default-isolation\=MainActor -enable-bare-slash-regex -enable-upcoming-feature DisableOutwardActorInference -enable-upcoming-feature InferSendableFromCaptures -enable-upcoming-feature GlobalActorIsolatedTypesUsability -enable-upcoming-feature MemberImportVisibility -enable-upcoming-feature InferIsolatedConformances -enable-upcoming-feature NonisolatedNonsendingByDefault -enable-experimental-feature DebugDescriptionMacro -sdk /Applications/Xcode.app/Contents/Developer/Platforms/iPhoneSimulator.platform/Developer/SDKs/iPhoneSimulator26.2.sdk -target arm64-apple-ios17.0-simulator -g -module-cache-path /tmp/PhotoBoxAIWorkflowDerivedData/ModuleCache.noindex -Xfrontend -serialize-debugging-options -profile-coverage-mapping -profile-generate -enable-testing -index-store-path /tmp/PhotoBoxAIWorkflowDerivedData/Index.noindex/DataStore -Xcc -D_LIBCPP_HARDENING_MODE\=_LIBCPP_HARDENING_MODE_DEBUG -swift-version 5 -I /tmp/PhotoBoxAIWorkflowDerivedData/Build/Products/Debug-iphonesimulator -F /tmp/PhotoBoxAIWorkflowDerivedData/Build/Products/Debug-iphonesimulator -emit-localized-strings -emit-localized-strings-path /tmp/PhotoBoxAIWorkflowDerivedData/Build/Intermediates.noindex/PhotoBox.build/Debug-iphonesimulator/PhotoBox.build/Objects-normal/arm64 -c -j10 -enable-batch-mode -incremental -Xcc -ivfsstatcache -Xcc /tmp/PhotoBoxAIWorkflowDerivedData/SDKStatCaches.noindex/iphonesimulator26.2-23C57-7d00a8b37fbd7999ea79df8ebc024bf0.sdkstatcache -output-file-map /tmp/PhotoBoxAIWorkflowDerivedData/Build/Intermediates.noindex/PhotoBox.build/Debug-iphonesimulator/PhotoBox.build/Objects-normal/arm64/PhotoBox-OutputFileMap.json -use-frontend-parseable-output -save-temps -no-color-diagnostics -explicit-module-build -module-cache-path /tmp/PhotoBoxAIWorkflowDerivedData/Build/Intermediates.noindex/SwiftExplicitPrecompiledModules -clang-scanner-module-cache-path /tmp/PhotoBoxAIWorkflowDerivedData/ModuleCache.noindex -sdk-module-cache-path /tmp/PhotoBoxAIWorkflowDerivedData/ModuleCache.noindex -serialize-diagnostics -emit-dependencies -emit-module -emit-module-path /tmp/PhotoBoxAIWorkflowDerivedData/Build/Intermediates.noindex/PhotoBox.build/Debug-iphonesimulator/PhotoBox.build/Objects-normal/arm64/PhotoBox.swiftmodule -validate-clang-modules-once -clang-build-session-file /tmp/PhotoBoxAIWorkflowDerivedData/ModuleCache.noindex/Session.modulevalidation -Xcc -I/tmp/PhotoBoxAIWorkflowDerivedData/Build/Intermediates.noindex/PhotoBox.build/Debug-iphonesimulator/PhotoBox.build/swift-overrides.hmap -emit-const-values -Xfrontend -const-gather-protocols-file -Xfrontend /tmp/PhotoBoxAIWorkflowDerivedData/Build/Intermediates.noindex/PhotoBox.build/Debug-iphonesimulator/PhotoBox.build/Objects-normal/arm64/PhotoBox_const_extract_protocols.json -Xcc -iquote -Xcc /tmp/PhotoBoxAIWorkflowDerivedData/Build/Intermediates.noindex/PhotoBox.build/Debug-iphonesimulator/PhotoBox.build/PhotoBox-generated-files.hmap -Xcc -I/tmp/PhotoBoxAIWorkflowDerivedData/Build/Intermediates.noindex/PhotoBox.build/Debug-iphonesimulator/PhotoBox.build/PhotoBox-own-target-headers.hmap -Xcc -I/tmp/PhotoBoxAIWorkflowDerivedData/Build/Intermediates.noindex/PhotoBox.build/Debug-iphonesimulator/PhotoBox.build/PhotoBox-all-target-headers.hmap -Xcc -iquote -Xcc /tmp/PhotoBoxAIWorkflowDerivedData/Build/Intermediates.noindex/PhotoBox.build/Debug-iphonesimulator/PhotoBox.build/PhotoBox-project-headers.hmap -Xcc -I/tmp/PhotoBoxAIWorkflowDerivedData/Build/Products/Debug-iphonesimulator/include -Xcc -I/tmp/PhotoBoxAIWorkflowDerivedData/Build/Intermediates.noindex/PhotoBox.build/Debug-iphonesimulator/PhotoBox.build/DerivedSources-normal/arm64 -Xcc -I/tmp/PhotoBoxAIWorkflowDerivedData/Build/Intermediates.noindex/PhotoBox.build/Debug-iphonesimulator/PhotoBox.build/DerivedSources/arm64 -Xcc -I/tmp/PhotoBoxAIWorkflowDerivedData/Build/Intermediates.noindex/PhotoBox.build/Debug-iphonesimulator/PhotoBox.build/DerivedSources -Xcc -DDEBUG\=1 -emit-objc-header -emit-objc-header-path /tmp/PhotoBoxAIWorkflowDerivedData/Build/Intermediates.noindex/PhotoBox.build/Debug-iphonesimulator/PhotoBox.build/Objects-normal/arm64/PhotoBox-Swift.h -working-directory /Users/mac/Documents/Project/PhotoBox -experimental-emit-module-separately -disable-cmo

SwiftDriver PhotoBox normal x86_64 com.apple.xcode.tools.swift.compiler (in target 'PhotoBox' from project 'PhotoBox')
    cd /Users/mac/Documents/Project/PhotoBox
    builtin-SwiftDriver -- /Applications/Xcode.app/Contents/Developer/Toolchains/XcodeDefault.xctoolchain/usr/bin/swiftc -module-name PhotoBox -Onone -enforce-exclusivity\=checked @/tmp/PhotoBoxAIWorkflowDerivedData/Build/Intermediates.noindex/PhotoBox.build/Debug-iphonesimulator/PhotoBox.build/Objects-normal/x86_64/PhotoBox.SwiftFileList -DDEBUG -default-isolation\=MainActor -enable-bare-slash-regex -enable-upcoming-feature DisableOutwardActorInference -enable-upcoming-feature InferSendableFromCaptures -enable-upcoming-feature GlobalActorIsolatedTypesUsability -enable-upcoming-feature MemberImportVisibility -enable-upcoming-feature InferIsolatedConformances -enable-upcoming-feature NonisolatedNonsendingByDefault -enable-experimental-feature DebugDescriptionMacro -sdk /Applications/Xcode.app/Contents/Developer/Platforms/iPhoneSimulator.platform/Developer/SDKs/iPhoneSimulator26.2.sdk -target x86_64-apple-ios17.0-simulator -g -module-cache-path /tmp/PhotoBoxAIWorkflowDerivedData/ModuleCache.noindex -Xfrontend -serialize-debugging-options -profile-coverage-mapping -profile-generate -enable-testing -index-store-path /tmp/PhotoBoxAIWorkflowDerivedData/Index.noindex/DataStore -Xcc -D_LIBCPP_HARDENING_MODE\=_LIBCPP_HARDENING_MODE_DEBUG -swift-version 5 -I /tmp/PhotoBoxAIWorkflowDerivedData/Build/Products/Debug-iphonesimulator -F /tmp/PhotoBoxAIWorkflowDerivedData/Build/Products/Debug-iphonesimulator -emit-localized-strings -emit-localized-strings-path /tmp/PhotoBoxAIWorkflowDerivedData/Build/Intermediates.noindex/PhotoBox.build/Debug-iphonesimulator/PhotoBox.build/Objects-normal/x86_64 -c -j10 -enable-batch-mode -incremental -Xcc -ivfsstatcache -Xcc /tmp/PhotoBoxAIWorkflowDerivedData/SDKStatCaches.noindex/iphonesimulator26.2-23C57-7d00a8b37fbd7999ea79df8ebc024bf0.sdkstatcache -output-file-map /tmp/PhotoBoxAIWorkflowDerivedData/Build/Intermediates.noindex/PhotoBox.build/Debug-iphonesimulator/PhotoBox.build/Objects-normal/x86_64/PhotoBox-OutputFileMap.json -use-frontend-parseable-output -save-temps -no-color-diagnostics -explicit-module-build -module-cache-path /tmp/PhotoBoxAIWorkflowDerivedData/Build/Intermediates.noindex/SwiftExplicitPrecompiledModules -clang-scanner-module-cache-path /tmp/PhotoBoxAIWorkflowDerivedData/ModuleCache.noindex -sdk-module-cache-path /tmp/PhotoBoxAIWorkflowDerivedData/ModuleCache.noindex -serialize-diagnostics -emit-dependencies -emit-module -emit-module-path /tmp/PhotoBoxAIWorkflowDerivedData/Build/Intermediates.noindex/PhotoBox.build/Debug-iphonesimulator/PhotoBox.build/Objects-normal/x86_64/PhotoBox.swiftmodule -validate-clang-modules-once -clang-build-session-file /tmp/PhotoBoxAIWorkflowDerivedData/ModuleCache.noindex/Session.modulevalidation -Xcc -I/tmp/PhotoBoxAIWorkflowDerivedData/Build/Intermediates.noindex/PhotoBox.build/Debug-iphonesimulator/PhotoBox.build/swift-overrides.hmap -emit-const-values -Xfrontend -const-gather-protocols-file -Xfrontend /tmp/PhotoBoxAIWorkflowDerivedData/Build/Intermediates.noindex/PhotoBox.build/Debug-iphonesimulator/PhotoBox.build/Objects-normal/x86_64/PhotoBox_const_extract_protocols.json -Xcc -iquote -Xcc /tmp/PhotoBoxAIWorkflowDerivedData/Build/Intermediates.noindex/PhotoBox.build/Debug-iphonesimulator/PhotoBox.build/PhotoBox-generated-files.hmap -Xcc -I/tmp/PhotoBoxAIWorkflowDerivedData/Build/Intermediates.noindex/PhotoBox.build/Debug-iphonesimulator/PhotoBox.build/PhotoBox-own-target-headers.hmap -Xcc -I/tmp/PhotoBoxAIWorkflowDerivedData/Build/Intermediates.noindex/PhotoBox.build/Debug-iphonesimulator/PhotoBox.build/PhotoBox-all-target-headers.hmap -Xcc -iquote -Xcc /tmp/PhotoBoxAIWorkflowDerivedData/Build/Intermediates.noindex/PhotoBox.build/Debug-iphonesimulator/PhotoBox.build/PhotoBox-project-headers.hmap -Xcc -I/tmp/PhotoBoxAIWorkflowDerivedData/Build/Products/Debug-iphonesimulator/include -Xcc -I/tmp/PhotoBoxAIWorkflowDerivedData/Build/Intermediates.noindex/PhotoBox.build/Debug-iphonesimulator/PhotoBox.build/DerivedSources-normal/x86_64 -Xcc -I/tmp/PhotoBoxAIWorkflowDerivedData/Build/Intermediates.noindex/PhotoBox.build/Debug-iphonesimulator/PhotoBox.build/DerivedSources/x86_64 -Xcc -I/tmp/PhotoBoxAIWorkflowDerivedData/Build/Intermediates.noindex/PhotoBox.build/Debug-iphonesimulator/PhotoBox.build/DerivedSources -Xcc -DDEBUG\=1 -emit-objc-header -emit-objc-header-path /tmp/PhotoBoxAIWorkflowDerivedData/Build/Intermediates.noindex/PhotoBox.build/Debug-iphonesimulator/PhotoBox.build/Objects-normal/x86_64/PhotoBox-Swift.h -working-directory /Users/mac/Documents/Project/PhotoBox -experimental-emit-module-separately -disable-cmo

SwiftDriverJobDiscovery normal arm64 Emitting module for PhotoBox (in target 'PhotoBox' from project 'PhotoBox')

ProcessInfoPlistFile /tmp/PhotoBoxAIWorkflowDerivedData/Build/Products/Debug-iphonesimulator/PhotoBox.app/Info.plist /tmp/PhotoBoxAIWorkflowDerivedData/Build/Intermediates.noindex/PhotoBox.build/Debug-iphonesimulator/PhotoBox.build/empty-PhotoBox.plist (in target 'PhotoBox' from project 'PhotoBox')
    cd /Users/mac/Documents/Project/PhotoBox
    builtin-infoPlistUtility /tmp/PhotoBoxAIWorkflowDerivedData/Build/Intermediates.noindex/PhotoBox.build/Debug-iphonesimulator/PhotoBox.build/empty-PhotoBox.plist -producttype com.apple.product-type.application -genpkginfo /tmp/PhotoBoxAIWorkflowDerivedData/Build/Products/Debug-iphonesimulator/PhotoBox.app/PkgInfo -expandbuildsettings -format binary -platform iphonesimulator -additionalcontentfile /tmp/PhotoBoxAIWorkflowDerivedData/Build/Intermediates.noindex/PhotoBox.build/Debug-iphonesimulator/PhotoBox.build/assetcatalog_generated_info.plist -o /tmp/PhotoBoxAIWorkflowDerivedData/Build/Products/Debug-iphonesimulator/PhotoBox.app/Info.plist

SwiftDriver\ Compilation\ Requirements PhotoBox normal arm64 com.apple.xcode.tools.swift.compiler (in target 'PhotoBox' from project 'PhotoBox')
    cd /Users/mac/Documents/Project/PhotoBox
    builtin-Swift-Compilation-Requirements -- /Applications/Xcode.app/Contents/Developer/Toolchains/XcodeDefault.xctoolchain/usr/bin/swiftc -module-name PhotoBox -Onone -enforce-exclusivity\=checked @/tmp/PhotoBoxAIWorkflowDerivedData/Build/Intermediates.noindex/PhotoBox.build/Debug-iphonesimulator/PhotoBox.build/Objects-normal/arm64/PhotoBox.SwiftFileList -DDEBUG -default-isolation\=MainActor -enable-bare-slash-regex -enable-upcoming-feature DisableOutwardActorInference -enable-upcoming-feature InferSendableFromCaptures -enable-upcoming-feature GlobalActorIsolatedTypesUsability -enable-upcoming-feature MemberImportVisibility -enable-upcoming-feature InferIsolatedConformances -enable-upcoming-feature NonisolatedNonsendingByDefault -enable-experimental-feature DebugDescriptionMacro -sdk /Applications/Xcode.app/Contents/Developer/Platforms/iPhoneSimulator.platform/Developer/SDKs/iPhoneSimulator26.2.sdk -target arm64-apple-ios17.0-simulator -g -module-cache-path /tmp/PhotoBoxAIWorkflowDerivedData/ModuleCache.noindex -Xfrontend -serialize-debugging-options -profile-coverage-mapping -profile-generate -enable-testing -index-store-path /tmp/PhotoBoxAIWorkflowDerivedData/Index.noindex/DataStore -Xcc -D_LIBCPP_HARDENING_MODE\=_LIBCPP_HARDENING_MODE_DEBUG -swift-version 5 -I /tmp/PhotoBoxAIWorkflowDerivedData/Build/Products/Debug-iphonesimulator -F /tmp/PhotoBoxAIWorkflowDerivedData/Build/Products/Debug-iphonesimulator -emit-localized-strings -emit-localized-strings-path /tmp/PhotoBoxAIWorkflowDerivedData/Build/Intermediates.noindex/PhotoBox.build/Debug-iphonesimulator/PhotoBox.build/Objects-normal/arm64 -c -j10 -enable-batch-mode -incremental -Xcc -ivfsstatcache -Xcc /tmp/PhotoBoxAIWorkflowDerivedData/SDKStatCaches.noindex/iphonesimulator26.2-23C57-7d00a8b37fbd7999ea79df8ebc024bf0.sdkstatcache -output-file-map /tmp/PhotoBoxAIWorkflowDerivedData/Build/Intermediates.noindex/PhotoBox.build/Debug-iphonesimulator/PhotoBox.build/Objects-normal/arm64/PhotoBox-OutputFileMap.json -use-frontend-parseable-output -save-temps -no-color-diagnostics -explicit-module-build -module-cache-path /tmp/PhotoBoxAIWorkflowDerivedData/Build/Intermediates.noindex/SwiftExplicitPrecompiledModules -clang-scanner-module-cache-path /tmp/PhotoBoxAIWorkflowDerivedData/ModuleCache.noindex -sdk-module-cache-path /tmp/PhotoBoxAIWorkflowDerivedData/ModuleCache.noindex -serialize-diagnostics -emit-dependencies -emit-module -emit-module-path /tmp/PhotoBoxAIWorkflowDerivedData/Build/Intermediates.noindex/PhotoBox.build/Debug-iphonesimulator/PhotoBox.build/Objects-normal/arm64/PhotoBox.swiftmodule -validate-clang-modules-once -clang-build-session-file /tmp/PhotoBoxAIWorkflowDerivedData/ModuleCache.noindex/Session.modulevalidation -Xcc -I/tmp/PhotoBoxAIWorkflowDerivedData/Build/Intermediates.noindex/PhotoBox.build/Debug-iphonesimulator/PhotoBox.build/swift-overrides.hmap -emit-const-values -Xfrontend -const-gather-protocols-file -Xfrontend /tmp/PhotoBoxAIWorkflowDerivedData/Build/Intermediates.noindex/PhotoBox.build/Debug-iphonesimulator/PhotoBox.build/Objects-normal/arm64/PhotoBox_const_extract_protocols.json -Xcc -iquote -Xcc /tmp/PhotoBoxAIWorkflowDerivedData/Build/Intermediates.noindex/PhotoBox.build/Debug-iphonesimulator/PhotoBox.build/PhotoBox-generated-files.hmap -Xcc -I/tmp/PhotoBoxAIWorkflowDerivedData/Build/Intermediates.noindex/PhotoBox.build/Debug-iphonesimulator/PhotoBox.build/PhotoBox-own-target-headers.hmap -Xcc -I/tmp/PhotoBoxAIWorkflowDerivedData/Build/Intermediates.noindex/PhotoBox.build/Debug-iphonesimulator/PhotoBox.build/PhotoBox-all-target-headers.hmap -Xcc -iquote -Xcc /tmp/PhotoBoxAIWorkflowDerivedData/Build/Intermediates.noindex/PhotoBox.build/Debug-iphonesimulator/PhotoBox.build/PhotoBox-project-headers.hmap -Xcc -I/tmp/PhotoBoxAIWorkflowDerivedData/Build/Products/Debug-iphonesimulator/include -Xcc -I/tmp/PhotoBoxAIWorkflowDerivedData/Build/Intermediates.noindex/PhotoBox.build/Debug-iphonesimulator/PhotoBox.build/DerivedSources-normal/arm64 -Xcc -I/tmp/PhotoBoxAIWorkflowDerivedData/Build/Intermediates.noindex/PhotoBox.build/Debug-iphonesimulator/PhotoBox.build/DerivedSources/arm64 -Xcc -I/tmp/PhotoBoxAIWorkflowDerivedData/Build/Intermediates.noindex/PhotoBox.build/Debug-iphonesimulator/PhotoBox.build/DerivedSources -Xcc -DDEBUG\=1 -emit-objc-header -emit-objc-header-path /tmp/PhotoBoxAIWorkflowDerivedData/Build/Intermediates.noindex/PhotoBox.build/Debug-iphonesimulator/PhotoBox.build/Objects-normal/arm64/PhotoBox-Swift.h -working-directory /Users/mac/Documents/Project/PhotoBox -experimental-emit-module-separately -disable-cmo

Copy /tmp/PhotoBoxAIWorkflowDerivedData/Build/Products/Debug-iphonesimulator/PhotoBox.swiftmodule/Project/arm64-apple-ios-simulator.swiftsourceinfo /tmp/PhotoBoxAIWorkflowDerivedData/Build/Intermediates.noindex/PhotoBox.build/Debug-iphonesimulator/PhotoBox.build/Objects-normal/arm64/PhotoBox.swiftsourceinfo (in target 'PhotoBox' from project 'PhotoBox')
    cd /Users/mac/Documents/Project/PhotoBox
    builtin-copy -exclude .DS_Store -exclude CVS -exclude .svn -exclude .git -exclude .hg -resolve-src-symlinks -rename /tmp/PhotoBoxAIWorkflowDerivedData/Build/Intermediates.noindex/PhotoBox.build/Debug-iphonesimulator/PhotoBox.build/Objects-normal/arm64/PhotoBox.swiftsourceinfo /tmp/PhotoBoxAIWorkflowDerivedData/Build/Products/Debug-iphonesimulator/PhotoBox.swiftmodule/Project/arm64-apple-ios-simulator.swiftsourceinfo

Copy /tmp/PhotoBoxAIWorkflowDerivedData/Build/Products/Debug-iphonesimulator/PhotoBox.swiftmodule/arm64-apple-ios-simulator.abi.json /tmp/PhotoBoxAIWorkflowDerivedData/Build/Intermediates.noindex/PhotoBox.build/Debug-iphonesimulator/PhotoBox.build/Objects-normal/arm64/PhotoBox.abi.json (in target 'PhotoBox' from project 'PhotoBox')
    cd /Users/mac/Documents/Project/PhotoBox
    builtin-copy -exclude .DS_Store -exclude CVS -exclude .svn -exclude .git -exclude .hg -resolve-src-symlinks -rename /tmp/PhotoBoxAIWorkflowDerivedData/Build/Intermediates.noindex/PhotoBox.build/Debug-iphonesimulator/PhotoBox.build/Objects-normal/arm64/PhotoBox.abi.json /tmp/PhotoBoxAIWorkflowDerivedData/Build/Products/Debug-iphonesimulator/PhotoBox.swiftmodule/arm64-apple-ios-simulator.abi.json

Copy /tmp/PhotoBoxAIWorkflowDerivedData/Build/Products/Debug-iphonesimulator/PhotoBox.swiftmodule/arm64-apple-ios-simulator.swiftmodule /tmp/PhotoBoxAIWorkflowDerivedData/Build/Intermediates.noindex/PhotoBox.build/Debug-iphonesimulator/PhotoBox.build/Objects-normal/arm64/PhotoBox.swiftmodule (in target 'PhotoBox' from project 'PhotoBox')
    cd /Users/mac/Documents/Project/PhotoBox
    builtin-copy -exclude .DS_Store -exclude CVS -exclude .svn -exclude .git -exclude .hg -resolve-src-symlinks -rename /tmp/PhotoBoxAIWorkflowDerivedData/Build/Intermediates.noindex/PhotoBox.build/Debug-iphonesimulator/PhotoBox.build/Objects-normal/arm64/PhotoBox.swiftmodule /tmp/PhotoBoxAIWorkflowDerivedData/Build/Products/Debug-iphonesimulator/PhotoBox.swiftmodule/arm64-apple-ios-simulator.swiftmodule

SwiftCompile normal x86_64 Compiling\ MyHomeUITestFixture.swift /Users/mac/Documents/Project/PhotoBox/PhotoBox/Services/MyHomeUITestFixture.swift (in target 'PhotoBox' from project 'PhotoBox')

SwiftCompile normal x86_64 /Users/mac/Documents/Project/PhotoBox/PhotoBox/Services/MyHomeUITestFixture.swift (in target 'PhotoBox' from project 'PhotoBox')
    cd /Users/mac/Documents/Project/PhotoBox
    

SwiftEmitModule normal x86_64 Emitting\ module\ for\ PhotoBox (in target 'PhotoBox' from project 'PhotoBox')
EmitSwiftModule normal x86_64 (in target 'PhotoBox' from project 'PhotoBox')
    cd /Users/mac/Documents/Project/PhotoBox
    

SwiftCompile normal x86_64 Compiling\ AppModel.swift /Users/mac/Documents/Project/PhotoBox/PhotoBox/App/AppModel.swift (in target 'PhotoBox' from project 'PhotoBox')
SwiftCompile normal x86_64 /Users/mac/Documents/Project/PhotoBox/PhotoBox/App/AppModel.swift (in target 'PhotoBox' from project 'PhotoBox')
    cd /Users/mac/Documents/Project/PhotoBox
    

SwiftCompile normal x86_64 Compiling\ MyWorkspaceView.swift /Users/mac/Documents/Project/PhotoBox/PhotoBox/Features/Home/MyWorkspaceView.swift (in target 'PhotoBox' from project 'PhotoBox')

SwiftCompile normal x86_64 /Users/mac/Documents/Project/PhotoBox/PhotoBox/Features/Home/MyWorkspaceView.swift (in target 'PhotoBox' from project 'PhotoBox')
    cd /Users/mac/Documents/Project/PhotoBox
    

SwiftCompile normal x86_64 Compiling\ MySupportViews.swift /Users/mac/Documents/Project/PhotoBox/PhotoBox/Features/Home/MySupportViews.swift (in target 'PhotoBox' from project 'PhotoBox')

SwiftCompile normal x86_64 /Users/mac/Documents/Project/PhotoBox/PhotoBox/Features/Home/MySupportViews.swift (in target 'PhotoBox' from project 'PhotoBox')
    cd /Users/mac/Documents/Project/PhotoBox
    

SwiftDriverJobDiscovery normal x86_64 Compiling MySupportViews.swift (in target 'PhotoBox' from project 'PhotoBox')

SwiftDriverJobDiscovery normal x86_64 Compiling MyHomeUITestFixture.swift (in target 'PhotoBox' from project 'PhotoBox')

SwiftCompile normal x86_64 Compiling\ ContentView.swift /Users/mac/Documents/Project/PhotoBox/PhotoBox/ContentView.swift (in target 'PhotoBox' from project 'PhotoBox')

SwiftCompile normal x86_64 /Users/mac/Documents/Project/PhotoBox/PhotoBox/ContentView.swift (in target 'PhotoBox' from project 'PhotoBox')
    cd /Users/mac/Documents/Project/PhotoBox
    

SwiftDriverJobDiscovery normal x86_64 Compiling MyWorkspaceView.swift (in target 'PhotoBox' from project 'PhotoBox')

SwiftDriverJobDiscovery normal x86_64 Emitting module for PhotoBox (in target 'PhotoBox' from project 'PhotoBox')

SwiftDriver\ Compilation\ Requirements PhotoBox normal x86_64 com.apple.xcode.tools.swift.compiler (in target 'PhotoBox' from project 'PhotoBox')
    cd /Users/mac/Documents/Project/PhotoBox
    builtin-Swift-Compilation-Requirements -- /Applications/Xcode.app/Contents/Developer/Toolchains/XcodeDefault.xctoolchain/usr/bin/swiftc -module-name PhotoBox -Onone -enforce-exclusivity\=checked @/tmp/PhotoBoxAIWorkflowDerivedData/Build/Intermediates.noindex/PhotoBox.build/Debug-iphonesimulator/PhotoBox.build/Objects-normal/x86_64/PhotoBox.SwiftFileList -DDEBUG -default-isolation\=MainActor -enable-bare-slash-regex -enable-upcoming-feature DisableOutwardActorInference -enable-upcoming-feature InferSendableFromCaptures -enable-upcoming-feature GlobalActorIsolatedTypesUsability -enable-upcoming-feature MemberImportVisibility -enable-upcoming-feature InferIsolatedConformances -enable-upcoming-feature NonisolatedNonsendingByDefault -enable-experimental-feature DebugDescriptionMacro -sdk /Applications/Xcode.app/Contents/Developer/Platforms/iPhoneSimulator.platform/Developer/SDKs/iPhoneSimulator26.2.sdk -target x86_64-apple-ios17.0-simulator -g -module-cache-path /tmp/PhotoBoxAIWorkflowDerivedData/ModuleCache.noindex -Xfrontend -serialize-debugging-options -profile-coverage-mapping -profile-generate -enable-testing -index-store-path /tmp/PhotoBoxAIWorkflowDerivedData/Index.noindex/DataStore -Xcc -D_LIBCPP_HARDENING_MODE\=_LIBCPP_HARDENING_MODE_DEBUG -swift-version 5 -I /tmp/PhotoBoxAIWorkflowDerivedData/Build/Products/Debug-iphonesimulator -F /tmp/PhotoBoxAIWorkflowDerivedData/Build/Products/Debug-iphonesimulator -emit-localized-strings -emit-localized-strings-path /tmp/PhotoBoxAIWorkflowDerivedData/Build/Intermediates.noindex/PhotoBox.build/Debug-iphonesimulator/PhotoBox.build/Objects-normal/x86_64 -c -j10 -enable-batch-mode -incremental -Xcc -ivfsstatcache -Xcc /tmp/PhotoBoxAIWorkflowDerivedData/SDKStatCaches.noindex/iphonesimulator26.2-23C57-7d00a8b37fbd7999ea79df8ebc024bf0.sdkstatcache -output-file-map /tmp/PhotoBoxAIWorkflowDerivedData/Build/Intermediates.noindex/PhotoBox.build/Debug-iphonesimulator/PhotoBox.build/Objects-normal/x86_64/PhotoBox-OutputFileMap.json -use-frontend-parseable-output -save-temps -no-color-diagnostics -explicit-module-build -module-cache-path /tmp/PhotoBoxAIWorkflowDerivedData/Build/Intermediates.noindex/SwiftExplicitPrecompiledModules -clang-scanner-module-cache-path /tmp/PhotoBoxAIWorkflowDerivedData/ModuleCache.noindex -sdk-module-cache-path /tmp/PhotoBoxAIWorkflowDerivedData/ModuleCache.noindex -serialize-diagnostics -emit-dependencies -emit-module -emit-module-path /tmp/PhotoBoxAIWorkflowDerivedData/Build/Intermediates.noindex/PhotoBox.build/Debug-iphonesimulator/PhotoBox.build/Objects-normal/x86_64/PhotoBox.swiftmodule -validate-clang-modules-once -clang-build-session-file /tmp/PhotoBoxAIWorkflowDerivedData/ModuleCache.noindex/Session.modulevalidation -Xcc -I/tmp/PhotoBoxAIWorkflowDerivedData/Build/Intermediates.noindex/PhotoBox.build/Debug-iphonesimulator/PhotoBox.build/swift-overrides.hmap -emit-const-values -Xfrontend -const-gather-protocols-file -Xfrontend /tmp/PhotoBoxAIWorkflowDerivedData/Build/Intermediates.noindex/PhotoBox.build/Debug-iphonesimulator/PhotoBox.build/Objects-normal/x86_64/PhotoBox_const_extract_protocols.json -Xcc -iquote -Xcc /tmp/PhotoBoxAIWorkflowDerivedData/Build/Intermediates.noindex/PhotoBox.build/Debug-iphonesimulator/PhotoBox.build/PhotoBox-generated-files.hmap -Xcc -I/tmp/PhotoBoxAIWorkflowDerivedData/Build/Intermediates.noindex/PhotoBox.build/Debug-iphonesimulator/PhotoBox.build/PhotoBox-own-target-headers.hmap -Xcc -I/tmp/PhotoBoxAIWorkflowDerivedData/Build/Intermediates.noindex/PhotoBox.build/Debug-iphonesimulator/PhotoBox.build/PhotoBox-all-target-headers.hmap -Xcc -iquote -Xcc /tmp/PhotoBoxAIWorkflowDerivedData/Build/Intermediates.noindex/PhotoBox.build/Debug-iphonesimulator/PhotoBox.build/PhotoBox-project-headers.hmap -Xcc -I/tmp/PhotoBoxAIWorkflowDerivedData/Build/Products/Debug-iphonesimulator/include -Xcc -I/tmp/PhotoBoxAIWorkflowDerivedData/Build/Intermediates.noindex/PhotoBox.build/Debug-iphonesimulator/PhotoBox.build/DerivedSources-normal/x86_64 -Xcc -I/tmp/PhotoBoxAIWorkflowDerivedData/Build/Intermediates.noindex/PhotoBox.build/Debug-iphonesimulator/PhotoBox.build/DerivedSources/x86_64 -Xcc -I/tmp/PhotoBoxAIWorkflowDerivedData/Build/Intermediates.noindex/PhotoBox.build/Debug-iphonesimulator/PhotoBox.build/DerivedSources -Xcc -DDEBUG\=1 -emit-objc-header -emit-objc-header-path /tmp/PhotoBoxAIWorkflowDerivedData/Build/Intermediates.noindex/PhotoBox.build/Debug-iphonesimulator/PhotoBox.build/Objects-normal/x86_64/PhotoBox-Swift.h -working-directory /Users/mac/Documents/Project/PhotoBox -experimental-emit-module-separately -disable-cmo

Copy /tmp/PhotoBoxAIWorkflowDerivedData/Build/Products/Debug-iphonesimulator/PhotoBox.swiftmodule/x86_64-apple-ios-simulator.abi.json /tmp/PhotoBoxAIWorkflowDerivedData/Build/Intermediates.noindex/PhotoBox.build/Debug-iphonesimulator/PhotoBox.build/Objects-normal/x86_64/PhotoBox.abi.json (in target 'PhotoBox' from project 'PhotoBox')
    cd /Users/mac/Documents/Project/PhotoBox
    builtin-copy -exclude .DS_Store -exclude CVS -exclude .svn -exclude .git -exclude .hg -resolve-src-symlinks -rename /tmp/PhotoBoxAIWorkflowDerivedData/Build/Intermediates.noindex/PhotoBox.build/Debug-iphonesimulator/PhotoBox.build/Objects-normal/x86_64/PhotoBox.abi.json /tmp/PhotoBoxAIWorkflowDerivedData/Build/Products/Debug-iphonesimulator/PhotoBox.swiftmodule/x86_64-apple-ios-simulator.abi.json

Copy /tmp/PhotoBoxAIWorkflowDerivedData/Build/Products/Debug-iphonesimulator/PhotoBox.swiftmodule/x86_64-apple-ios-simulator.swiftmodule /tmp/PhotoBoxAIWorkflowDerivedData/Build/Intermediates.noindex/PhotoBox.build/Debug-iphonesimulator/PhotoBox.build/Objects-normal/x86_64/PhotoBox.swiftmodule (in target 'PhotoBox' from project 'PhotoBox')
    cd /Users/mac/Documents/Project/PhotoBox
    builtin-copy -exclude .DS_Store -exclude CVS -exclude .svn -exclude .git -exclude .hg -resolve-src-symlinks -rename /tmp/PhotoBoxAIWorkflowDerivedData/Build/Intermediates.noindex/PhotoBox.build/Debug-iphonesimulator/PhotoBox.build/Objects-normal/x86_64/PhotoBox.swiftmodule /tmp/PhotoBoxAIWorkflowDerivedData/Build/Products/Debug-iphonesimulator/PhotoBox.swiftmodule/x86_64-apple-ios-simulator.swiftmodule

Copy /tmp/PhotoBoxAIWorkflowDerivedData/Build/Products/Debug-iphonesimulator/PhotoBox.swiftmodule/Project/x86_64-apple-ios-simulator.swiftsourceinfo /tmp/PhotoBoxAIWorkflowDerivedData/Build/Intermediates.noindex/PhotoBox.build/Debug-iphonesimulator/PhotoBox.build/Objects-normal/x86_64/PhotoBox.swiftsourceinfo (in target 'PhotoBox' from project 'PhotoBox')
    cd /Users/mac/Documents/Project/PhotoBox
    builtin-copy -exclude .DS_Store -exclude CVS -exclude .svn -exclude .git -exclude .hg -resolve-src-symlinks -rename /tmp/PhotoBoxAIWorkflowDerivedData/Build/Intermediates.noindex/PhotoBox.build/Debug-iphonesimulator/PhotoBox.build/Objects-normal/x86_64/PhotoBox.swiftsourceinfo /tmp/PhotoBoxAIWorkflowDerivedData/Build/Products/Debug-iphonesimulator/PhotoBox.swiftmodule/Project/x86_64-apple-ios-simulator.swiftsourceinfo

Ld /tmp/PhotoBoxAIWorkflowDerivedData/Build/Intermediates.noindex/PhotoBox.build/Debug-iphonesimulator/PhotoBox.build/Objects-normal/arm64/Binary/PhotoBox.debug.dylib normal arm64 (in target 'PhotoBox' from project 'PhotoBox')
    cd /Users/mac/Documents/Project/PhotoBox
    /Applications/Xcode.app/Contents/Developer/Toolchains/XcodeDefault.xctoolchain/usr/bin/clang -Xlinker -reproducible -target arm64-apple-ios17.0-simulator -dynamiclib -isysroot /Applications/Xcode.app/Contents/Developer/Platforms/iPhoneSimulator.platform/Developer/SDKs/iPhoneSimulator26.2.sdk -O0 -L/tmp/PhotoBoxAIWorkflowDerivedData/Build/Intermediates.noindex/EagerLinkingTBDs/Debug-iphonesimulator -L/tmp/PhotoBoxAIWorkflowDerivedData/Build/Products/Debug-iphonesimulator -F/tmp/PhotoBoxAIWorkflowDerivedData/Build/Intermediates.noindex/EagerLinkingTBDs/Debug-iphonesimulator -F/tmp/PhotoBoxAIWorkflowDerivedData/Build/Products/Debug-iphonesimulator -filelist /tmp/PhotoBoxAIWorkflowDerivedData/Build/Intermediates.noindex/PhotoBox.build/Debug-iphonesimulator/PhotoBox.build/Objects-normal/arm64/PhotoBox.LinkFileList -install_name @rpath/PhotoBox.debug.dylib -Xlinker -rpath -Xlinker /usr/lib/swift -Xlinker -rpath -Xlinker @executable_path/Frameworks -dead_strip -Xlinker -object_path_lto -Xlinker /tmp/PhotoBoxAIWorkflowDerivedData/Build/Intermediates.noindex/PhotoBox.build/Debug-iphonesimulator/PhotoBox.build/Objects-normal/arm64/PhotoBox_lto.o -rdynamic -Xlinker -no_deduplicate -Xlinker -objc_abi_version -Xlinker 2 -Xlinker -debug_variant -Xlinker -dependency_info -Xlinker /tmp/PhotoBoxAIWorkflowDerivedData/Build/Intermediates.noindex/PhotoBox.build/Debug-iphonesimulator/PhotoBox.build/Objects-normal/arm64/PhotoBox_dependency_info.dat -fobjc-link-runtime -fprofile-instr-generate -L/Applications/Xcode.app/Contents/Developer/Toolchains/XcodeDefault.xctoolchain/usr/lib/swift/iphonesimulator -L/usr/lib/swift -Xlinker -add_ast_path -Xlinker /tmp/PhotoBoxAIWorkflowDerivedData/Build/Intermediates.noindex/PhotoBox.build/Debug-iphonesimulator/PhotoBox.build/Objects-normal/arm64/PhotoBox.swiftmodule @/tmp/PhotoBoxAIWorkflowDerivedData/Build/Intermediates.noindex/PhotoBox.build/Debug-iphonesimulator/PhotoBox.build/Objects-normal/arm64/PhotoBox-linker-args.resp -Xlinker -alias -Xlinker _main -Xlinker ___debug_main_executable_dylib_entry_point -o /tmp/PhotoBoxAIWorkflowDerivedData/Build/Intermediates.noindex/PhotoBox.build/Debug-iphonesimulator/PhotoBox.build/Objects-normal/arm64/Binary/PhotoBox.debug.dylib

SwiftDriverJobDiscovery normal x86_64 Compiling ContentView.swift (in target 'PhotoBox' from project 'PhotoBox')

ConstructStubExecutorLinkFileList /tmp/PhotoBoxAIWorkflowDerivedData/Build/Intermediates.noindex/PhotoBox.build/Debug-iphonesimulator/PhotoBox.build/PhotoBox-ExecutorLinkFileList-normal-arm64.txt (in target 'PhotoBox' from project 'PhotoBox')
    cd /Users/mac/Documents/Project/PhotoBox
    construct-stub-executor-link-file-list /tmp/PhotoBoxAIWorkflowDerivedData/Build/Intermediates.noindex/PhotoBox.build/Debug-iphonesimulator/PhotoBox.build/Objects-normal/arm64/Binary/PhotoBox.debug.dylib /Applications/Xcode.app/Contents/Developer/Platforms/iPhoneSimulator.platform/Developer/usr/lib/libPreviewsJITStubExecutor_no_swift_entry_point.a /Applications/Xcode.app/Contents/Developer/Platforms/iPhoneSimulator.platform/Developer/usr/lib/libPreviewsJITStubExecutor.a --output /tmp/PhotoBoxAIWorkflowDerivedData/Build/Intermediates.noindex/PhotoBox.build/Debug-iphonesimulator/PhotoBox.build/PhotoBox-ExecutorLinkFileList-normal-arm64.txt
note: Using stub executor library with Swift entry point. (in target 'PhotoBox' from project 'PhotoBox')

Ld /tmp/PhotoBoxAIWorkflowDerivedData/Build/Intermediates.noindex/PhotoBox.build/Debug-iphonesimulator/PhotoBox.build/Objects-normal/arm64/Binary/PhotoBox normal arm64 (in target 'PhotoBox' from project 'PhotoBox')
    cd /Users/mac/Documents/Project/PhotoBox
    /Applications/Xcode.app/Contents/Developer/Toolchains/XcodeDefault.xctoolchain/usr/bin/clang -Xlinker -reproducible -target arm64-apple-ios17.0-simulator -isysroot /Applications/Xcode.app/Contents/Developer/Platforms/iPhoneSimulator.platform/Developer/SDKs/iPhoneSimulator26.2.sdk -O0 -L/tmp/PhotoBoxAIWorkflowDerivedData/Build/Products/Debug-iphonesimulator -F/tmp/PhotoBoxAIWorkflowDerivedData/Build/Products/Debug-iphonesimulator -Xlinker -rpath -Xlinker @executable_path -Xlinker -rpath -Xlinker @executable_path/Frameworks -rdynamic -Xlinker -no_deduplicate -Xlinker -objc_abi_version -Xlinker 2 -Xlinker -debug_variant -e ___debug_blank_executor_main -Xlinker -sectcreate -Xlinker __TEXT -Xlinker __debug_dylib -Xlinker /tmp/PhotoBoxAIWorkflowDerivedData/Build/Intermediates.noindex/PhotoBox.build/Debug-iphonesimulator/PhotoBox.build/PhotoBox-DebugDylibPath-normal-arm64.txt -Xlinker -sectcreate -Xlinker __TEXT -Xlinker __debug_instlnm -Xlinker /tmp/PhotoBoxAIWorkflowDerivedData/Build/Intermediates.noindex/PhotoBox.build/Debug-iphonesimulator/PhotoBox.build/PhotoBox-DebugDylibInstallName-normal-arm64.txt -Xlinker -filelist -Xlinker /tmp/PhotoBoxAIWorkflowDerivedData/Build/Intermediates.noindex/PhotoBox.build/Debug-iphonesimulator/PhotoBox.build/PhotoBox-ExecutorLinkFileList-normal-arm64.txt /tmp/PhotoBoxAIWorkflowDerivedData/Build/Intermediates.noindex/PhotoBox.build/Debug-iphonesimulator/PhotoBox.build/Objects-normal/arm64/Binary/PhotoBox.debug.dylib -o /tmp/PhotoBoxAIWorkflowDerivedData/Build/Intermediates.noindex/PhotoBox.build/Debug-iphonesimulator/PhotoBox.build/Objects-normal/arm64/Binary/PhotoBox

SwiftDriverJobDiscovery normal x86_64 Compiling AppModel.swift (in target 'PhotoBox' from project 'PhotoBox')

SwiftCompile normal x86_64 Compiling\ StatisticsView.swift /Users/mac/Documents/Project/PhotoBox/PhotoBox/Features/Statistics/StatisticsView.swift (in target 'PhotoBox' from project 'PhotoBox')

SwiftCompile normal x86_64 /Users/mac/Documents/Project/PhotoBox/PhotoBox/Features/Statistics/StatisticsView.swift (in target 'PhotoBox' from project 'PhotoBox')
    cd /Users/mac/Documents/Project/PhotoBox
    

SwiftCompile normal x86_64 Compiling\ DiagnosisReportView.swift /Users/mac/Documents/Project/PhotoBox/PhotoBox/Features/Tasks/DiagnosisReportView.swift (in target 'PhotoBox' from project 'PhotoBox')

SwiftCompile normal x86_64 /Users/mac/Documents/Project/PhotoBox/PhotoBox/Features/Tasks/DiagnosisReportView.swift (in target 'PhotoBox' from project 'PhotoBox')
    cd /Users/mac/Documents/Project/PhotoBox
    

SwiftCompile normal x86_64 Compiling\ AlbumContentView.swift,\ AlbumsWorkspaceView.swift /Users/mac/Documents/Project/PhotoBox/PhotoBox/Features/Albums/AlbumContentView.swift /Users/mac/Documents/Project/PhotoBox/PhotoBox/Features/Albums/AlbumsWorkspaceView.swift (in target 'PhotoBox' from project 'PhotoBox')
SwiftCompile normal x86_64 /Users/mac/Documents/Project/PhotoBox/PhotoBox/Features/Albums/AlbumContentView.swift (in target 'PhotoBox' from project 'PhotoBox')
    cd /Users/mac/Documents/Project/PhotoBox
    

SwiftCompile normal x86_64 /Users/mac/Documents/Project/PhotoBox/PhotoBox/Features/Albums/AlbumsWorkspaceView.swift (in target 'PhotoBox' from project 'PhotoBox')
    cd /Users/mac/Documents/Project/PhotoBox
    

SwiftCompile normal x86_64 Compiling\ MainTabView.swift,\ SettingsView.swift /Users/mac/Documents/Project/PhotoBox/PhotoBox/Features/Main/MainTabView.swift /Users/mac/Documents/Project/PhotoBox/PhotoBox/Features/Settings/SettingsView.swift (in target 'PhotoBox' from project 'PhotoBox')

SwiftCompile normal x86_64 /Users/mac/Documents/Project/PhotoBox/PhotoBox/Features/Main/MainTabView.swift (in target 'PhotoBox' from project 'PhotoBox')
    cd /Users/mac/Documents/Project/PhotoBox
    

SwiftCompile normal x86_64 /Users/mac/Documents/Project/PhotoBox/PhotoBox/Features/Settings/SettingsView.swift (in target 'PhotoBox' from project 'PhotoBox')
    cd /Users/mac/Documents/Project/PhotoBox
    

SwiftCompile normal x86_64 Compiling\ AlbumHomeUITestFixture.swift /Users/mac/Documents/Project/PhotoBox/PhotoBox/Services/AlbumHomeUITestFixture.swift (in target 'PhotoBox' from project 'PhotoBox')

SwiftCompile normal x86_64 /Users/mac/Documents/Project/PhotoBox/PhotoBox/Services/AlbumHomeUITestFixture.swift (in target 'PhotoBox' from project 'PhotoBox')
    cd /Users/mac/Documents/Project/PhotoBox
    

SwiftCompile normal x86_64 Compiling\ PhotoBoxApp.swift /Users/mac/Documents/Project/PhotoBox/PhotoBox/PhotoBoxApp.swift (in target 'PhotoBox' from project 'PhotoBox')

SwiftCompile normal x86_64 /Users/mac/Documents/Project/PhotoBox/PhotoBox/PhotoBoxApp.swift (in target 'PhotoBox' from project 'PhotoBox')
    cd /Users/mac/Documents/Project/PhotoBox
    

SwiftCompile normal x86_64 Compiling\ WeeklyInboxView.swift /Users/mac/Documents/Project/PhotoBox/PhotoBox/Features/Tasks/WeeklyInboxView.swift (in target 'PhotoBox' from project 'PhotoBox')

SwiftCompile normal x86_64 /Users/mac/Documents/Project/PhotoBox/PhotoBox/Features/Tasks/WeeklyInboxView.swift (in target 'PhotoBox' from project 'PhotoBox')
    cd /Users/mac/Documents/Project/PhotoBox
    

SwiftCompile normal x86_64 Compiling\ CleanupHomeView.swift,\ DuplicateTasksView.swift /Users/mac/Documents/Project/PhotoBox/PhotoBox/Features/Home/CleanupHomeView.swift /Users/mac/Documents/Project/PhotoBox/PhotoBox/Features/Home/DuplicateTasksView.swift (in target 'PhotoBox' from project 'PhotoBox')

SwiftCompile normal x86_64 /Users/mac/Documents/Project/PhotoBox/PhotoBox/Features/Home/CleanupHomeView.swift (in target 'PhotoBox' from project 'PhotoBox')
    cd /Users/mac/Documents/Project/PhotoBox
    

SwiftCompile normal x86_64 /Users/mac/Documents/Project/PhotoBox/PhotoBox/Features/Home/DuplicateTasksView.swift (in target 'PhotoBox' from project 'PhotoBox')
    cd /Users/mac/Documents/Project/PhotoBox
    

SwiftCompile normal x86_64 Compiling\ CleanupHomeUITestFixture.swift /Users/mac/Documents/Project/PhotoBox/PhotoBox/Services/CleanupHomeUITestFixture.swift (in target 'PhotoBox' from project 'PhotoBox')

SwiftCompile normal x86_64 /Users/mac/Documents/Project/PhotoBox/PhotoBox/Services/CleanupHomeUITestFixture.swift (in target 'PhotoBox' from project 'PhotoBox')
    cd /Users/mac/Documents/Project/PhotoBox
    

SwiftCompile normal x86_64 Compiling\ TaskDashboardView.swift /Users/mac/Documents/Project/PhotoBox/PhotoBox/Features/Tasks/TaskDashboardView.swift (in target 'PhotoBox' from project 'PhotoBox')

SwiftCompile normal x86_64 /Users/mac/Documents/Project/PhotoBox/PhotoBox/Features/Tasks/TaskDashboardView.swift (in target 'PhotoBox' from project 'PhotoBox')
    cd /Users/mac/Documents/Project/PhotoBox
    

SwiftDriverJobDiscovery normal x86_64 Compiling PhotoBoxApp.swift (in target 'PhotoBox' from project 'PhotoBox')

SwiftDriverJobDiscovery normal x86_64 Compiling DiagnosisReportView.swift (in target 'PhotoBox' from project 'PhotoBox')

SwiftDriverJobDiscovery normal x86_64 Compiling AlbumHomeUITestFixture.swift (in target 'PhotoBox' from project 'PhotoBox')

SwiftDriverJobDiscovery normal x86_64 Compiling StatisticsView.swift (in target 'PhotoBox' from project 'PhotoBox')

SwiftDriverJobDiscovery normal x86_64 Compiling CleanupHomeUITestFixture.swift (in target 'PhotoBox' from project 'PhotoBox')

SwiftDriverJobDiscovery normal x86_64 Compiling WeeklyInboxView.swift (in target 'PhotoBox' from project 'PhotoBox')

SwiftDriverJobDiscovery normal x86_64 Compiling TaskDashboardView.swift (in target 'PhotoBox' from project 'PhotoBox')

SwiftDriverJobDiscovery normal x86_64 Compiling MainTabView.swift, SettingsView.swift (in target 'PhotoBox' from project 'PhotoBox')

SwiftDriverJobDiscovery normal x86_64 Compiling CleanupHomeView.swift, DuplicateTasksView.swift (in target 'PhotoBox' from project 'PhotoBox')

SwiftDriverJobDiscovery normal x86_64 Compiling AlbumContentView.swift, AlbumsWorkspaceView.swift (in target 'PhotoBox' from project 'PhotoBox')

SwiftDriver\ Compilation PhotoBox normal x86_64 com.apple.xcode.tools.swift.compiler (in target 'PhotoBox' from project 'PhotoBox')
    cd /Users/mac/Documents/Project/PhotoBox
    builtin-Swift-Compilation -- /Applications/Xcode.app/Contents/Developer/Toolchains/XcodeDefault.xctoolchain/usr/bin/swiftc -module-name PhotoBox -Onone -enforce-exclusivity\=checked @/tmp/PhotoBoxAIWorkflowDerivedData/Build/Intermediates.noindex/PhotoBox.build/Debug-iphonesimulator/PhotoBox.build/Objects-normal/x86_64/PhotoBox.SwiftFileList -DDEBUG -default-isolation\=MainActor -enable-bare-slash-regex -enable-upcoming-feature DisableOutwardActorInference -enable-upcoming-feature InferSendableFromCaptures -enable-upcoming-feature GlobalActorIsolatedTypesUsability -enable-upcoming-feature MemberImportVisibility -enable-upcoming-feature InferIsolatedConformances -enable-upcoming-feature NonisolatedNonsendingByDefault -enable-experimental-feature DebugDescriptionMacro -sdk /Applications/Xcode.app/Contents/Developer/Platforms/iPhoneSimulator.platform/Developer/SDKs/iPhoneSimulator26.2.sdk -target x86_64-apple-ios17.0-simulator -g -module-cache-path /tmp/PhotoBoxAIWorkflowDerivedData/ModuleCache.noindex -Xfrontend -serialize-debugging-options -profile-coverage-mapping -profile-generate -enable-testing -index-store-path /tmp/PhotoBoxAIWorkflowDerivedData/Index.noindex/DataStore -Xcc -D_LIBCPP_HARDENING_MODE\=_LIBCPP_HARDENING_MODE_DEBUG -swift-version 5 -I /tmp/PhotoBoxAIWorkflowDerivedData/Build/Products/Debug-iphonesimulator -F /tmp/PhotoBoxAIWorkflowDerivedData/Build/Products/Debug-iphonesimulator -emit-localized-strings -emit-localized-strings-path /tmp/PhotoBoxAIWorkflowDerivedData/Build/Intermediates.noindex/PhotoBox.build/Debug-iphonesimulator/PhotoBox.build/Objects-normal/x86_64 -c -j10 -enable-batch-mode -incremental -Xcc -ivfsstatcache -Xcc /tmp/PhotoBoxAIWorkflowDerivedData/SDKStatCaches.noindex/iphonesimulator26.2-23C57-7d00a8b37fbd7999ea79df8ebc024bf0.sdkstatcache -output-file-map /tmp/PhotoBoxAIWorkflowDerivedData/Build/Intermediates.noindex/PhotoBox.build/Debug-iphonesimulator/PhotoBox.build/Objects-normal/x86_64/PhotoBox-OutputFileMap.json -use-frontend-parseable-output -save-temps -no-color-diagnostics -explicit-module-build -module-cache-path /tmp/PhotoBoxAIWorkflowDerivedData/Build/Intermediates.noindex/SwiftExplicitPrecompiledModules -clang-scanner-module-cache-path /tmp/PhotoBoxAIWorkflowDerivedData/ModuleCache.noindex -sdk-module-cache-path /tmp/PhotoBoxAIWorkflowDerivedData/ModuleCache.noindex -serialize-diagnostics -emit-dependencies -emit-module -emit-module-path /tmp/PhotoBoxAIWorkflowDerivedData/Build/Intermediates.noindex/PhotoBox.build/Debug-iphonesimulator/PhotoBox.build/Objects-normal/x86_64/PhotoBox.swiftmodule -validate-clang-modules-once -clang-build-session-file /tmp/PhotoBoxAIWorkflowDerivedData/ModuleCache.noindex/Session.modulevalidation -Xcc -I/tmp/PhotoBoxAIWorkflowDerivedData/Build/Intermediates.noindex/PhotoBox.build/Debug-iphonesimulator/PhotoBox.build/swift-overrides.hmap -emit-const-values -Xfrontend -const-gather-protocols-file -Xfrontend /tmp/PhotoBoxAIWorkflowDerivedData/Build/Intermediates.noindex/PhotoBox.build/Debug-iphonesimulator/PhotoBox.build/Objects-normal/x86_64/PhotoBox_const_extract_protocols.json -Xcc -iquote -Xcc /tmp/PhotoBoxAIWorkflowDerivedData/Build/Intermediates.noindex/PhotoBox.build/Debug-iphonesimulator/PhotoBox.build/PhotoBox-generated-files.hmap -Xcc -I/tmp/PhotoBoxAIWorkflowDerivedData/Build/Intermediates.noindex/PhotoBox.build/Debug-iphonesimulator/PhotoBox.build/PhotoBox-own-target-headers.hmap -Xcc -I/tmp/PhotoBoxAIWorkflowDerivedData/Build/Intermediates.noindex/PhotoBox.build/Debug-iphonesimulator/PhotoBox.build/PhotoBox-all-target-headers.hmap -Xcc -iquote -Xcc /tmp/PhotoBoxAIWorkflowDerivedData/Build/Intermediates.noindex/PhotoBox.build/Debug-iphonesimulator/PhotoBox.build/PhotoBox-project-headers.hmap -Xcc -I/tmp/PhotoBoxAIWorkflowDerivedData/Build/Products/Debug-iphonesimulator/include -Xcc -I/tmp/PhotoBoxAIWorkflowDerivedData/Build/Intermediates.noindex/PhotoBox.build/Debug-iphonesimulator/PhotoBox.build/DerivedSources-normal/x86_64 -Xcc -I/tmp/PhotoBoxAIWorkflowDerivedData/Build/Intermediates.noindex/PhotoBox.build/Debug-iphonesimulator/PhotoBox.build/DerivedSources/x86_64 -Xcc -I/tmp/PhotoBoxAIWorkflowDerivedData/Build/Intermediates.noindex/PhotoBox.build/Debug-iphonesimulator/PhotoBox.build/DerivedSources -Xcc -DDEBUG\=1 -emit-objc-header -emit-objc-header-path /tmp/PhotoBoxAIWorkflowDerivedData/Build/Intermediates.noindex/PhotoBox.build/Debug-iphonesimulator/PhotoBox.build/Objects-normal/x86_64/PhotoBox-Swift.h -working-directory /Users/mac/Documents/Project/PhotoBox -experimental-emit-module-separately -disable-cmo

Ld /tmp/PhotoBoxAIWorkflowDerivedData/Build/Intermediates.noindex/PhotoBox.build/Debug-iphonesimulator/PhotoBox.build/Objects-normal/x86_64/Binary/PhotoBox.debug.dylib normal x86_64 (in target 'PhotoBox' from project 'PhotoBox')
    cd /Users/mac/Documents/Project/PhotoBox
    /Applications/Xcode.app/Contents/Developer/Toolchains/XcodeDefault.xctoolchain/usr/bin/clang -Xlinker -reproducible -target x86_64-apple-ios17.0-simulator -dynamiclib -isysroot /Applications/Xcode.app/Contents/Developer/Platforms/iPhoneSimulator.platform/Developer/SDKs/iPhoneSimulator26.2.sdk -O0 -L/tmp/PhotoBoxAIWorkflowDerivedData/Build/Intermediates.noindex/EagerLinkingTBDs/Debug-iphonesimulator -L/tmp/PhotoBoxAIWorkflowDerivedData/Build/Products/Debug-iphonesimulator -F/tmp/PhotoBoxAIWorkflowDerivedData/Build/Intermediates.noindex/EagerLinkingTBDs/Debug-iphonesimulator -F/tmp/PhotoBoxAIWorkflowDerivedData/Build/Products/Debug-iphonesimulator -filelist /tmp/PhotoBoxAIWorkflowDerivedData/Build/Intermediates.noindex/PhotoBox.build/Debug-iphonesimulator/PhotoBox.build/Objects-normal/x86_64/PhotoBox.LinkFileList -install_name @rpath/PhotoBox.debug.dylib -Xlinker -rpath -Xlinker /usr/lib/swift -Xlinker -rpath -Xlinker @executable_path/Frameworks -dead_strip -Xlinker -object_path_lto -Xlinker /tmp/PhotoBoxAIWorkflowDerivedData/Build/Intermediates.noindex/PhotoBox.build/Debug-iphonesimulator/PhotoBox.build/Objects-normal/x86_64/PhotoBox_lto.o -rdynamic -Xlinker -no_deduplicate -Xlinker -objc_abi_version -Xlinker 2 -Xlinker -debug_variant -Xlinker -dependency_info -Xlinker /tmp/PhotoBoxAIWorkflowDerivedData/Build/Intermediates.noindex/PhotoBox.build/Debug-iphonesimulator/PhotoBox.build/Objects-normal/x86_64/PhotoBox_dependency_info.dat -fobjc-link-runtime -fprofile-instr-generate -L/Applications/Xcode.app/Contents/Developer/Toolchains/XcodeDefault.xctoolchain/usr/lib/swift/iphonesimulator -L/usr/lib/swift -Xlinker -add_ast_path -Xlinker /tmp/PhotoBoxAIWorkflowDerivedData/Build/Intermediates.noindex/PhotoBox.build/Debug-iphonesimulator/PhotoBox.build/Objects-normal/x86_64/PhotoBox.swiftmodule @/tmp/PhotoBoxAIWorkflowDerivedData/Build/Intermediates.noindex/PhotoBox.build/Debug-iphonesimulator/PhotoBox.build/Objects-normal/x86_64/PhotoBox-linker-args.resp -Xlinker -alias -Xlinker _main -Xlinker ___debug_main_executable_dylib_entry_point -o /tmp/PhotoBoxAIWorkflowDerivedData/Build/Intermediates.noindex/PhotoBox.build/Debug-iphonesimulator/PhotoBox.build/Objects-normal/x86_64/Binary/PhotoBox.debug.dylib

CreateUniversalBinary /tmp/PhotoBoxAIWorkflowDerivedData/Build/Products/Debug-iphonesimulator/PhotoBox.app/PhotoBox.debug.dylib normal arm64\ x86_64 (in target 'PhotoBox' from project 'PhotoBox')
    cd /Users/mac/Documents/Project/PhotoBox
    /Applications/Xcode.app/Contents/Developer/Toolchains/XcodeDefault.xctoolchain/usr/bin/lipo -create /tmp/PhotoBoxAIWorkflowDerivedData/Build/Intermediates.noindex/PhotoBox.build/Debug-iphonesimulator/PhotoBox.build/Objects-normal/arm64/Binary/PhotoBox.debug.dylib /tmp/PhotoBoxAIWorkflowDerivedData/Build/Intermediates.noindex/PhotoBox.build/Debug-iphonesimulator/PhotoBox.build/Objects-normal/x86_64/Binary/PhotoBox.debug.dylib -output /tmp/PhotoBoxAIWorkflowDerivedData/Build/Products/Debug-iphonesimulator/PhotoBox.app/PhotoBox.debug.dylib

ConstructStubExecutorLinkFileList /tmp/PhotoBoxAIWorkflowDerivedData/Build/Intermediates.noindex/PhotoBox.build/Debug-iphonesimulator/PhotoBox.build/PhotoBox-ExecutorLinkFileList-normal-x86_64.txt (in target 'PhotoBox' from project 'PhotoBox')
    cd /Users/mac/Documents/Project/PhotoBox
    construct-stub-executor-link-file-list /tmp/PhotoBoxAIWorkflowDerivedData/Build/Intermediates.noindex/PhotoBox.build/Debug-iphonesimulator/PhotoBox.build/Objects-normal/x86_64/Binary/PhotoBox.debug.dylib /Applications/Xcode.app/Contents/Developer/Platforms/iPhoneSimulator.platform/Developer/usr/lib/libPreviewsJITStubExecutor_no_swift_entry_point.a /Applications/Xcode.app/Contents/Developer/Platforms/iPhoneSimulator.platform/Developer/usr/lib/libPreviewsJITStubExecutor.a --output /tmp/PhotoBoxAIWorkflowDerivedData/Build/Intermediates.noindex/PhotoBox.build/Debug-iphonesimulator/PhotoBox.build/PhotoBox-ExecutorLinkFileList-normal-x86_64.txt
note: Using stub executor library with Swift entry point. (in target 'PhotoBox' from project 'PhotoBox')

Ld /tmp/PhotoBoxAIWorkflowDerivedData/Build/Intermediates.noindex/PhotoBox.build/Debug-iphonesimulator/PhotoBox.build/Objects-normal/x86_64/Binary/PhotoBox normal x86_64 (in target 'PhotoBox' from project 'PhotoBox')
    cd /Users/mac/Documents/Project/PhotoBox
    /Applications/Xcode.app/Contents/Developer/Toolchains/XcodeDefault.xctoolchain/usr/bin/clang -Xlinker -reproducible -target x86_64-apple-ios17.0-simulator -isysroot /Applications/Xcode.app/Contents/Developer/Platforms/iPhoneSimulator.platform/Developer/SDKs/iPhoneSimulator26.2.sdk -O0 -L/tmp/PhotoBoxAIWorkflowDerivedData/Build/Products/Debug-iphonesimulator -F/tmp/PhotoBoxAIWorkflowDerivedData/Build/Products/Debug-iphonesimulator -Xlinker -rpath -Xlinker @executable_path -Xlinker -rpath -Xlinker @executable_path/Frameworks -rdynamic -Xlinker -no_deduplicate -Xlinker -objc_abi_version -Xlinker 2 -Xlinker -debug_variant -e ___debug_blank_executor_main -Xlinker -sectcreate -Xlinker __TEXT -Xlinker __debug_dylib -Xlinker /tmp/PhotoBoxAIWorkflowDerivedData/Build/Intermediates.noindex/PhotoBox.build/Debug-iphonesimulator/PhotoBox.build/PhotoBox-DebugDylibPath-normal-x86_64.txt -Xlinker -sectcreate -Xlinker __TEXT -Xlinker __debug_instlnm -Xlinker /tmp/PhotoBoxAIWorkflowDerivedData/Build/Intermediates.noindex/PhotoBox.build/Debug-iphonesimulator/PhotoBox.build/PhotoBox-DebugDylibInstallName-normal-x86_64.txt -Xlinker -filelist -Xlinker /tmp/PhotoBoxAIWorkflowDerivedData/Build/Intermediates.noindex/PhotoBox.build/Debug-iphonesimulator/PhotoBox.build/PhotoBox-ExecutorLinkFileList-normal-x86_64.txt /tmp/PhotoBoxAIWorkflowDerivedData/Build/Intermediates.noindex/PhotoBox.build/Debug-iphonesimulator/PhotoBox.build/Objects-normal/x86_64/Binary/PhotoBox.debug.dylib -o /tmp/PhotoBoxAIWorkflowDerivedData/Build/Intermediates.noindex/PhotoBox.build/Debug-iphonesimulator/PhotoBox.build/Objects-normal/x86_64/Binary/PhotoBox

CreateUniversalBinary /tmp/PhotoBoxAIWorkflowDerivedData/Build/Products/Debug-iphonesimulator/PhotoBox.app/PhotoBox normal arm64\ x86_64 (in target 'PhotoBox' from project 'PhotoBox')
    cd /Users/mac/Documents/Project/PhotoBox
    /Applications/Xcode.app/Contents/Developer/Toolchains/XcodeDefault.xctoolchain/usr/bin/lipo -create /tmp/PhotoBoxAIWorkflowDerivedData/Build/Intermediates.noindex/PhotoBox.build/Debug-iphonesimulator/PhotoBox.build/Objects-normal/arm64/Binary/PhotoBox /tmp/PhotoBoxAIWorkflowDerivedData/Build/Intermediates.noindex/PhotoBox.build/Debug-iphonesimulator/PhotoBox.build/Objects-normal/x86_64/Binary/PhotoBox -output /tmp/PhotoBoxAIWorkflowDerivedData/Build/Products/Debug-iphonesimulator/PhotoBox.app/PhotoBox

CopySwiftLibs /tmp/PhotoBoxAIWorkflowDerivedData/Build/Products/Debug-iphonesimulator/PhotoBox.app (in target 'PhotoBox' from project 'PhotoBox')
    cd /Users/mac/Documents/Project/PhotoBox
    builtin-swiftStdLibTool --copy --verbose --scan-executable /tmp/PhotoBoxAIWorkflowDerivedData/Build/Products/Debug-iphonesimulator/PhotoBox.app/PhotoBox.debug.dylib --scan-folder /tmp/PhotoBoxAIWorkflowDerivedData/Build/Products/Debug-iphonesimulator/PhotoBox.app/Frameworks --scan-folder /tmp/PhotoBoxAIWorkflowDerivedData/Build/Products/Debug-iphonesimulator/PhotoBox.app/PlugIns --scan-folder /tmp/PhotoBoxAIWorkflowDerivedData/Build/Products/Debug-iphonesimulator/PhotoBox.app/SystemExtensions --scan-folder /tmp/PhotoBoxAIWorkflowDerivedData/Build/Products/Debug-iphonesimulator/PhotoBox.app/Extensions --platform iphonesimulator --toolchain /Applications/Xcode.app/Contents/Developer/Toolchains/XcodeDefault.xctoolchain --destination /tmp/PhotoBoxAIWorkflowDerivedData/Build/Products/Debug-iphonesimulator/PhotoBox.app/Frameworks --strip-bitcode --strip-bitcode-tool /Applications/Xcode.app/Contents/Developer/Toolchains/XcodeDefault.xctoolchain/usr/bin/bitcode_strip --emit-dependency-info /tmp/PhotoBoxAIWorkflowDerivedData/Build/Intermediates.noindex/PhotoBox.build/Debug-iphonesimulator/PhotoBox.build/SwiftStdLibToolInputDependencies.dep --filter-for-swift-os --back-deploy-swift-span
Ignoring --strip-bitcode because --sign was not passed

ExtractAppIntentsMetadata (in target 'PhotoBox' from project 'PhotoBox')
    cd /Users/mac/Documents/Project/PhotoBox
    /Applications/Xcode.app/Contents/Developer/Toolchains/XcodeDefault.xctoolchain/usr/bin/appintentsmetadataprocessor --toolchain-dir /Applications/Xcode.app/Contents/Developer/Toolchains/XcodeDefault.xctoolchain --module-name PhotoBox --sdk-root /Applications/Xcode.app/Contents/Developer/Platforms/iPhoneSimulator.platform/Developer/SDKs/iPhoneSimulator26.2.sdk --xcode-version 17C529 --platform-family iOS --deployment-target 17.0 --bundle-identifier com.j.work --output /tmp/PhotoBoxAIWorkflowDerivedData/Build/Products/Debug-iphonesimulator/PhotoBox.app --target-triple arm64-apple-ios17.0-simulator --target-triple x86_64-apple-ios17.0-simulator --binary-file /tmp/PhotoBoxAIWorkflowDerivedData/Build/Products/Debug-iphonesimulator/PhotoBox.app/PhotoBox --dependency-file /tmp/PhotoBoxAIWorkflowDerivedData/Build/Intermediates.noindex/PhotoBox.build/Debug-iphonesimulator/PhotoBox.build/Objects-normal/arm64/PhotoBox_dependency_info.dat --dependency-file /tmp/PhotoBoxAIWorkflowDerivedData/Build/Intermediates.noindex/PhotoBox.build/Debug-iphonesimulator/PhotoBox.build/Objects-normal/x86_64/PhotoBox_dependency_info.dat --stringsdata-file /tmp/PhotoBoxAIWorkflowDerivedData/Build/Intermediates.noindex/PhotoBox.build/Debug-iphonesimulator/PhotoBox.build/Objects-normal/arm64/ExtractedAppShortcutsMetadata.stringsdata --stringsdata-file /tmp/PhotoBoxAIWorkflowDerivedData/Build/Intermediates.noindex/PhotoBox.build/Debug-iphonesimulator/PhotoBox.build/Objects-normal/x86_64/ExtractedAppShortcutsMetadata.stringsdata --source-file-list /tmp/PhotoBoxAIWorkflowDerivedData/Build/Intermediates.noindex/PhotoBox.build/Debug-iphonesimulator/PhotoBox.build/Objects-normal/arm64/PhotoBox.SwiftFileList --source-file-list /tmp/PhotoBoxAIWorkflowDerivedData/Build/Intermediates.noindex/PhotoBox.build/Debug-iphonesimulator/PhotoBox.build/Objects-normal/x86_64/PhotoBox.SwiftFileList --metadata-file-list /tmp/PhotoBoxAIWorkflowDerivedData/Build/Intermediates.noindex/PhotoBox.build/Debug-iphonesimulator/PhotoBox.build/PhotoBox.DependencyMetadataFileList --static-metadata-file-list /tmp/PhotoBoxAIWorkflowDerivedData/Build/Intermediates.noindex/PhotoBox.build/Debug-iphonesimulator/PhotoBox.build/PhotoBox.DependencyStaticMetadataFileList --swift-const-vals-list /tmp/PhotoBoxAIWorkflowDerivedData/Build/Intermediates.noindex/PhotoBox.build/Debug-iphonesimulator/PhotoBox.build/Objects-normal/arm64/PhotoBox.SwiftConstValuesFileList --swift-const-vals-list /tmp/PhotoBoxAIWorkflowDerivedData/Build/Intermediates.noindex/PhotoBox.build/Debug-iphonesimulator/PhotoBox.build/Objects-normal/x86_64/PhotoBox.SwiftConstValuesFileList --compile-time-extraction --deployment-aware-processing --validate-assistant-intents --no-app-shortcuts-localization
2026-09-14 18:12:30.220 appintentsmetadataprocessor[4714:1120899] Starting appintentsmetadataprocessor export
2026-09-14 18:12:30.221 appintentsmetadataprocessor[4714:1120899] warning: Metadata extraction skipped. No AppIntents.framework dependency found.

note: Run script build phase 'Provision Target Device' will be run during every build because the option to run the script phase "Based on dependency analysis" is unchecked. (in target 'PhotoBox' from project 'PhotoBox')
** BUILD SUCCEEDED **

