2026-09-14 18:12:30.828 xcodebuild[4715:1120912] [MT] IDERunDestination: Supported platforms for the buildables in the current scheme is empty.
Testing started
Test suite 'MeaningfulCleanupTransitionTests' started on 'Clone 1 of iPhone 17 - PhotoBox (5106)'
Test suite 'WorkflowDomainTests' started on 'Clone 1 of iPhone 17 - PhotoBox (5106)'
Test suite 'WeeklyInboxLoadingTests' started on 'Clone 1 of iPhone 17 - PhotoBox (5106)'
Test suite 'TaskLifecycleTests' started on 'Clone 1 of iPhone 17 - PhotoBox (5106)'
Test suite 'DateBatchPlannerTests' started on 'Clone 1 of iPhone 17 - PhotoBox (5106)'
Test suite 'AlbumHomeScrollPositionTests' started on 'Clone 1 of iPhone 17 - PhotoBox (5106)'
Test suite 'ComparisonFlowTests' started on 'Clone 1 of iPhone 17 - PhotoBox (5106)'
Test suite 'DeleteReviewModelTests' started on 'Clone 1 of iPhone 17 - PhotoBox (5106)'
Test suite 'SinglePhotoDecisionFlowTests' started on 'Clone 1 of iPhone 17 - PhotoBox (5106)'
Test suite 'StatisticsProjectionTests' started on 'Clone 1 of iPhone 17 - PhotoBox (5106)'
Test suite 'CleanupHomeProjectionTests' started on 'Clone 1 of iPhone 17 - PhotoBox (5106)'
Test suite 'TaskGenerationTests' started on 'Clone 1 of iPhone 17 - PhotoBox (5106)'
Test suite 'NoDeleteCleanupResultRoutingTests' started on 'Clone 1 of iPhone 17 - PhotoBox (5106)'
Test suite 'TaskRankingTests' started on 'Clone 1 of iPhone 17 - PhotoBox (5106)'
Test suite 'ScanCoordinatorTests' started on 'Clone 1 of iPhone 17 - PhotoBox (5106)'
Test suite 'LiveLocalNotificationServiceTests' started on 'Clone 1 of iPhone 17 - PhotoBox (5106)'
Test suite 'AlbumLibraryReadingTests' started on 'Clone 1 of iPhone 17 - PhotoBox (5106)'
Test suite 'CleanupHomeIntegrationTests' started on 'Clone 1 of iPhone 17 - PhotoBox (5106)'
Test suite 'DecisionWorkflowTests' started on 'Clone 1 of iPhone 17 - PhotoBox (5106)'
Test suite 'MutationCompositionTests' started on 'Clone 1 of iPhone 17 - PhotoBox (5106)'
Test suite 'WorkflowRepositoryTests' started on 'Clone 1 of iPhone 17 - PhotoBox (5106)'
Test suite 'SimulatedMutationTests' started on 'Clone 1 of iPhone 17 - PhotoBox (5106)'
Test suite 'MutationCoordinatorTests' started on 'Clone 1 of iPhone 17 - PhotoBox (5106)'
Test suite 'WeeklyReminderTests' started on 'Clone 1 of iPhone 17 - PhotoBox (5106)'
Test suite 'DecisionQueueTests' started on 'Clone 1 of iPhone 17 - PhotoBox (5106)'
Test suite 'AlbumHomeModelTests' started on 'Clone 1 of iPhone 17 - PhotoBox (5106)'
Test suite 'PhotoBoxMotionTests' started on 'Clone 1 of iPhone 17 - PhotoBox (5106)'
Test suite 'PhotoRecommendationTests' started on 'Clone 1 of iPhone 17 - PhotoBox (5106)'
Test suite 'AlbumArchiveFlowTests' started on 'Clone 1 of iPhone 17 - PhotoBox (5106)'
Test suite 'PhotoBoxTests' started on 'Clone 1 of iPhone 17 - PhotoBox (5106)'
Test suite 'CandidateDiscoveryTests' started on 'Clone 1 of iPhone 17 - PhotoBox (5106)'
Test suite 'WeeklyInboxGenerationTests' started on 'Clone 1 of iPhone 17 - PhotoBox (5106)'
Test suite 'AppModelRestorationTests' started on 'Clone 1 of iPhone 17 - PhotoBox (5106)'
Test suite 'MyHomeModelTests' started on 'Clone 1 of iPhone 17 - PhotoBox (5106)'
Test suite 'CleanupResultsModelTests' started on 'Clone 1 of iPhone 17 - PhotoBox (5106)'
Test case 'StatisticsProjectionTests/swiftDataHistoryClearRollsBackAfterPartialDeletion()' passed on 'Clone 1 of iPhone 17 - PhotoBox (5106)' (1.000 seconds)
Test case 'WeeklyInboxLoadingTests/unavailableInitialBaselineFailsClosed()' passed on 'Clone 1 of iPhone 17 - PhotoBox (5106)' (0.000 seconds)
Test case 'MeaningfulCleanupTransitionTests/transitionPersistsWithRoutePriority()' passed on 'Clone 1 of iPhone 17 - PhotoBox (5106)' (0.000 seconds)
Test case 'MeaningfulCleanupTransitionTests/permanentTransitionFailureCanExitWithRecovery()' passed on 'Clone 1 of iPhone 17 - PhotoBox (5106)' (0.000 seconds)
Test case 'MeaningfulCleanupTransitionTests/executedDeleteEnablesWeeklyMode()' passed on 'Clone 1 of iPhone 17 - PhotoBox (5106)' (0.000 seconds)
Test case 'MeaningfulCleanupTransitionTests/unsupportedActivityDoesNotEnableWeeklyMode()' passed on 'Clone 1 of iPhone 17 - PhotoBox (5106)' (0.000 seconds)
Test case 'MeaningfulCleanupTransitionTests/supportedSummaryCategoriesEnableWeeklyMode()' passed on 'Clone 1 of iPhone 17 - PhotoBox (5106)' (0.000 seconds)
Test case 'MeaningfulCleanupTransitionTests/transitionWriteFailureIsRecoverable()' passed on 'Clone 1 of iPhone 17 - PhotoBox (5106)' (0.000 seconds)
Test case 'MeaningfulCleanupTransitionTests/staleDeleteWithSupportedDecisionEnablesWeeklyMode()' passed on 'Clone 1 of iPhone 17 - PhotoBox (5106)' (0.000 seconds)
Test case 'ScanCoordinatorTests/incrementalLibraryChanges()' passed on 'Clone 1 of iPhone 17 - PhotoBox (5106)' (0.000 seconds)
Test case 'CleanupHomeIntegrationTests/resumesBatchAndCountsAllDecisions()' passed on 'Clone 1 of iPhone 17 - PhotoBox (5106)' (0.000 seconds)
Test case 'CleanupHomeIntegrationTests/reconciliationAlignsActiveCursor()' passed on 'Clone 1 of iPhone 17 - PhotoBox (5106)' (0.000 seconds)
Test case 'CleanupHomeIntegrationTests/completedBatchOpensReview()' passed on 'Clone 1 of iPhone 17 - PhotoBox (5106)' (0.000 seconds)
Test case 'WeeklyReminderTests/screenshotRecoveryIgnoresUnrelatedPersistenceErrors()' passed on 'Clone 1 of iPhone 17 - PhotoBox (5106)' (0.000 seconds)
Test case 'MutationCompositionTests/backendMatrix()' passed on 'Clone 1 of iPhone 17 - PhotoBox (5106)' (0.000 seconds)
Test case 'MutationCompositionTests/debugOptIn()' passed on 'Clone 1 of iPhone 17 - PhotoBox (5106)' (0.000 seconds)
Test case 'SimulatedMutationTests/liveBackendExists()' passed on 'Clone 1 of iPhone 17 - PhotoBox (5106)' (0.000 seconds)
Test case 'CleanupResultsModelTests/corruptTransactionPayloadIsReportedExactly()' passed on 'Clone 1 of iPhone 17 - PhotoBox (5106)' (0.000 seconds)
Test case 'CleanupResultsModelTests/missingSummaryIsNotSubstituted()' passed on 'Clone 1 of iPhone 17 - PhotoBox (5106)' (0.000 seconds)
Test case 'CleanupResultsModelTests/missingTransactionIsNotSubstituted()' passed on 'Clone 1 of iPhone 17 - PhotoBox (5106)' (0.000 seconds)
Test case 'CleanupResultsModelTests/corruptSummaryIsReportedAndRestoredExactly()' passed on 'Clone 1 of iPhone 17 - PhotoBox (5106)' (0.000 seconds)
Test case 'CleanupResultsModelTests/initialReadFailureHasNoProjection()' passed on 'Clone 1 of iPhone 17 - PhotoBox (5106)' (0.000 seconds)
Test case 'CleanupResultsModelTests/exactSummaryProjection()' passed on 'Clone 1 of iPhone 17 - PhotoBox (5106)' (0.000 seconds)
Test case 'CleanupResultsModelTests/reloadReadFailuresPreserveProjection()' passed on 'Clone 1 of iPhone 17 - PhotoBox (5106)' (1.000 seconds)
Test case 'SinglePhotoDecisionFlowTests/appModelReconstructionRestoresUndo()' passed on 'Clone 1 of iPhone 17 - PhotoBox (5106)' (2.000 seconds)
Test case 'StatisticsProjectionTests/statisticsFixtureRescanRetainsICloudOnlyInventory()' passed on 'Clone 1 of iPhone 17 - PhotoBox (5106)' (2.000 seconds)
Test case 'StatisticsProjectionTests/historyClearResetsDebugLiveOptInWhilePreservingReleaseLiveInjection()' passed on 'Clone 1 of iPhone 17 - PhotoBox (5106)' (2.000 seconds)
Test case 'StatisticsProjectionTests/initialStatisticsReadFailureIsNotNoHistory()' passed on 'Clone 1 of iPhone 17 - PhotoBox (5106)' (2.000 seconds)
Test case 'StatisticsProjectionTests/corruptCheckpointNeverBecomesNoHistory()' passed on 'Clone 1 of iPhone 17 - PhotoBox (5106)' (2.000 seconds)
Test case 'DeleteReviewModelTests/staleOnlyJournalExcludesResolvedIDFromLaterReview()' passed on 'Clone 1 of iPhone 17 - PhotoBox (5106)' (2.000 seconds)
Test case 'StatisticsProjectionTests/corruptTransactionNeverBecomesNoHistory()' passed on 'Clone 1 of iPhone 17 - PhotoBox (5106)' (1.000 seconds)
Test case 'StatisticsProjectionTests/corruptSummaryNeverBecomesNoHistory()' passed on 'Clone 1 of iPhone 17 - PhotoBox (5106)' (1.000 seconds)
Test case 'DeleteReviewModelTests/loadRestoresLatestRecoverableDeleteTransaction()' passed on 'Clone 1 of iPhone 17 - PhotoBox (5106)' (1.000 seconds)
Test case 'StatisticsProjectionTests/corruptTaskNeverBecomesNoHistory()' passed on 'Clone 1 of iPhone 17 - PhotoBox (5106)' (1.000 seconds)
Test case 'StatisticsProjectionTests/corruptDecisionNeverBecomesNoHistory()' passed on 'Clone 1 of iPhone 17 - PhotoBox (5106)' (2.000 seconds)
Test case 'DeleteReviewModelTests/projectsExactCandidates()' passed on 'Clone 1 of iPhone 17 - PhotoBox (5106)' (1.000 seconds)
Test case 'NoDeleteCleanupResultRoutingTests/singleDecisionCompletionRoutesSummary()' passed on 'Clone 1 of iPhone 17 - PhotoBox (5106)' (1.000 seconds)
Test case 'WeeklyInboxLoadingTests/fullRescanReturnsToTasksRoot()' passed on 'Clone 1 of iPhone 17 - PhotoBox (5106)' (1.000 seconds)
Test case 'WeeklyInboxLoadingTests/fullRescanClearsWeeklyDescendantRoute()' passed on 'Clone 1 of iPhone 17 - PhotoBox (5106)' (1.000 seconds)
Test case 'WeeklyInboxLoadingTests/multiGeneratedTaskBatchFailureIsAtomic()' passed on 'Clone 1 of iPhone 17 - PhotoBox (5106)' (1.000 seconds)
Test case 'DeleteReviewModelTests/projectionScopesCandidatesAndProtectedExclusions()' passed on 'Clone 1 of iPhone 17 - PhotoBox (5106)' (1.000 seconds)
Test case 'MeaningfulCleanupTransitionTests/emptyResultAndOpenedTaskRemainInitialCleanup()' passed on 'Clone 1 of iPhone 17 - PhotoBox (5106)' (1.000 seconds)
Test case 'CleanupHomeIntegrationTests/unavailableMembersAreSkipped()' passed on 'Clone 1 of iPhone 17 - PhotoBox (5106)' (1.000 seconds)
Test case 'AlbumLibraryReadingTests/legacyReaderDefaults()' passed on 'Clone 1 of iPhone 17 - PhotoBox (5106)' (1.000 seconds)
Test case 'CleanupHomeIntegrationTests/archiveCursorRemainsAlignedAfterSkippedMember()' passed on 'Clone 1 of iPhone 17 - PhotoBox (5106)' (1.000 seconds)
Test case 'DecisionQueueTests/repeatedDeferralRefreshesOnlyItsDecision()' passed on 'Clone 1 of iPhone 17 - PhotoBox (5106)' (1.000 seconds)
Test case 'DecisionQueueTests/repeatedDeferralFailurePreservesStateAndRetries()' passed on 'Clone 1 of iPhone 17 - PhotoBox (5106)' (1.000 seconds)
Test case 'DecisionQueueTests/projectionFiltersAndOrdersExactAssets()' passed on 'Clone 1 of iPhone 17 - PhotoBox (5106)' (1.000 seconds)
Test case 'DecisionQueueTests/unprotectRemovesOnlyExactDecision()' passed on 'Clone 1 of iPhone 17 - PhotoBox (5106)' (1.000 seconds)
Test case 'DecisionQueueTests/repeatedDeferralAlwaysAdvancesTimestampAndOrder()' passed on 'Clone 1 of iPhone 17 - PhotoBox (5106)' (1.000 seconds)
Test case 'MutationCoordinatorTests/submittedTransactionRejectsDifferentBackend()' passed on 'Clone 1 of iPhone 17 - PhotoBox (5106)' (1.000 seconds)
Test case 'MutationCoordinatorTests/legacySubmittedArchiveFailsClosed()' passed on 'Clone 1 of iPhone 17 - PhotoBox (5106)' (1.000 seconds)
Test case 'WeeklyReminderTests/optInBeforeMeaningfulCleanupIsRejected()' passed on 'Clone 1 of iPhone 17 - PhotoBox (5106)' (1.000 seconds)
Test case 'DecisionQueueTests/unprotectFailurePreservesStateAndRetries()' passed on 'Clone 1 of iPhone 17 - PhotoBox (5106)' (1.000 seconds)
Test case 'DecisionQueueTests/equalTimestampsUseStableIdentifierOrdering()' passed on 'Clone 1 of iPhone 17 - PhotoBox (5106)' (1.000 seconds)
Test case 'WeeklyReminderTests/cleanupCompletionDoesNotPromptOrSchedule()' passed on 'Clone 1 of iPhone 17 - PhotoBox (5106)' (1.000 seconds)
Test case 'AlbumArchiveFlowTests/recentAlbumsLeadAndMissingRecentsArePruned()' passed on 'Clone 1 of iPhone 17 - PhotoBox (5106)' (1.000 seconds)
Test case 'MutationCoordinatorTests/emptyScopeDoesNotClaimDeletionSuccess()' passed on 'Clone 1 of iPhone 17 - PhotoBox (5106)' (1.000 seconds)
Test case 'CleanupResultsModelTests/loadReconcilesOnlyExactTransaction()' passed on 'Clone 1 of iPhone 17 - PhotoBox (5106)' (1.000 seconds)
Test case 'WeeklyInboxGenerationTests/repeatedDeferralReschedulesEligibility()' passed on 'Clone 1 of iPhone 17 - PhotoBox (5106)' (1.000 seconds)
Test case 'CleanupResultsModelTests/loadReconcilesSubmittedDeleteJournal()' passed on 'Clone 1 of iPhone 17 - PhotoBox (5106)' (1.000 seconds)
Test case 'DeleteReviewModelTests/removalAndCancellationAreInMemoryOnly()' passed on 'Clone 1 of iPhone 17 - PhotoBox (5106)' (2.000 seconds)
Test case 'StatisticsProjectionTests/emptyRepositoryPublishesNoHistory()' passed on 'Clone 1 of iPhone 17 - PhotoBox (5106)' (1.000 seconds)
Test case 'DeleteReviewModelTests/emptyReviewCannotSubmit()' passed on 'Clone 1 of iPhone 17 - PhotoBox (5106)' (1.000 seconds)
Test case 'StatisticsProjectionTests/clearFailurePreservesStatisticsAndIsRetryable()' passed on 'Clone 1 of iPhone 17 - PhotoBox (5106)' (1.000 seconds)
Test case 'DeleteReviewModelTests/inaccessibleUnresolvedJournalBlocksFreshDeletion()' passed on 'Clone 1 of iPhone 17 - PhotoBox (5106)' (2.000 seconds)
Test case 'StatisticsProjectionTests/missingStatisticsRecordsPublishPartialMetrics()' passed on 'Clone 1 of iPhone 17 - PhotoBox (5106)' (2.000 seconds)
Test case 'DeleteReviewModelTests/repositoryLoadFailureRetainsReview()' passed on 'Clone 1 of iPhone 17 - PhotoBox (5106)' (1.000 seconds)
Test case 'WeeklyInboxLoadingTests/refreshFailurePreservesLastPlan()' passed on 'Clone 1 of iPhone 17 - PhotoBox (5106)' (1.000 seconds)
Test case 'WeeklyInboxLoadingTests/generatedTaskWriteFailureIsRecoverable()' passed on 'Clone 1 of iPhone 17 - PhotoBox (5106)' (1.000 seconds)
Test case 'TaskGenerationTests/inventoryCachePreservesEmptyResult()' passed on 'Clone 1 of iPhone 17 - PhotoBox (5106)' (1.000 seconds)
Test case 'MutationCoordinatorTests/relaunchReconciliation()' passed on 'Clone 1 of iPhone 17 - PhotoBox (5106)' (1.000 seconds)
Test case 'MutationCoordinatorTests/multipleMatchingAlbumsFailClosed()' passed on 'Clone 1 of iPhone 17 - PhotoBox (5106)' (1.000 seconds)
Test case 'AlbumHomeModelTests/simulationContentsDoNotReadSystemCollection()' passed on 'Clone 1 of iPhone 17 - PhotoBox (5106)' (1.000 seconds)
Test case 'WeeklyReminderTests/authorizationRequestFailureIsTruthful()' passed on 'Clone 1 of iPhone 17 - PhotoBox (5106)' (1.000 seconds)
Test case 'AlbumArchiveFlowTests/emptyAlbumNameMakesNoMutationCall()' passed on 'Clone 1 of iPhone 17 - PhotoBox (5106)' (1.000 seconds)
Test case 'ComparisonFlowTests/editedKeepDistinguishesUserChoiceFromRecommendation()' passed on 'Clone 1 of iPhone 17 - PhotoBox (5106)' (2.000 seconds)
Test case 'WorkflowDomainTests/assetDescriptorEquality()' passed on 'Clone 1 of iPhone 17 - PhotoBox (5106)' (2.000 seconds)
Test case 'WorkflowDomainTests/estimatedSpaceAggregation()' passed on 'Clone 1 of iPhone 17 - PhotoBox (5106)' (2.000 seconds)
Test case 'ComparisonFlowTests/lowConfidenceGroupRequiresSelection()' passed on 'Clone 1 of iPhone 17 - PhotoBox (5106)' (2.000 seconds)
Test case 'ComparisonFlowTests/multiGroupCompletionAccumulatesTotals()' passed on 'Clone 1 of iPhone 17 - PhotoBox (5106)' (2.000 seconds)
Test case 'WorkflowDomainTests/protectionPrecedence()' passed on 'Clone 1 of iPhone 17 - PhotoBox (5106)' (2.000 seconds)
Test case 'TaskLifecycleTests/pauseResumeAndRelaunch()' passed on 'Clone 1 of iPhone 17 - PhotoBox (5106)' (2.000 seconds)
Test case 'ComparisonFlowTests/finalGroupCompletionIsAtomic()' passed on 'Clone 1 of iPhone 17 - PhotoBox (5106)' (2.000 seconds)
Test case 'SinglePhotoDecisionFlowTests/archiveRequestsAlbumSelectionWithoutDecision()' passed on 'Clone 1 of iPhone 17 - PhotoBox (5106)' (2.000 seconds)
Test case 'AlbumHomeScrollPositionTests/navigationRestoresContentAcrossViewportChanges()' passed on 'Clone 1 of iPhone 17 - PhotoBox (5106)' (2.000 seconds)
Test case 'AlbumHomeScrollPositionTests/tabBarInsetSettlesAfterAppearance()' passed on 'Clone 1 of iPhone 17 - PhotoBox (5106)' (2.000 seconds)
Test case 'AlbumHomeScrollPositionTests/tabSwitchCapturesCurrentPosition()' passed on 'Clone 1 of iPhone 17 - PhotoBox (5106)' (2.000 seconds)
Test case 'TaskLifecycleTests/skipDoesNotDecide()' passed on 'Clone 1 of iPhone 17 - PhotoBox (5106)' (2.000 seconds)
Test case 'DateBatchPlannerTests/filtersCloudDecisionsAndOwnership()' passed on 'Clone 1 of iPhone 17 - PhotoBox (5106)' (2.000 seconds)
Test case 'ComparisonFlowTests/unsafeRecommendationsBecomeLowConfidence()' passed on 'Clone 1 of iPhone 17 - PhotoBox (5106)' (2.000 seconds)
Test case 'DateBatchPlannerTests/undatedUsesSingletons()' passed on 'Clone 1 of iPhone 17 - PhotoBox (5106)' (2.000 seconds)
Test case 'ComparisonFlowTests/failedCompletionIsRetrySafe()' passed on 'Clone 1 of iPhone 17 - PhotoBox (5106)' (2.000 seconds)
Test case 'DateBatchPlannerTests/splitsOneHundredTwenty()' passed on 'Clone 1 of iPhone 17 - PhotoBox (5106)' (2.000 seconds)
Test case 'SinglePhotoDecisionFlowTests/screenshotBatchDecisionCompletesSafeItems()' passed on 'Clone 1 of iPhone 17 - PhotoBox (5106)' (2.000 seconds)
Test case 'DateBatchPlannerTests/terminalTasksReserveMembers()' passed on 'Clone 1 of iPhone 17 - PhotoBox (5106)' (2.000 seconds)
Test case 'SinglePhotoDecisionFlowTests/directDecisionPersistsCurrentAssetAndAdvances()' passed on 'Clone 1 of iPhone 17 - PhotoBox (5106)' (2.000 seconds)
Test case 'DateBatchPlannerTests/resumesAcrossSourcesAndInventoryChanges()' passed on 'Clone 1 of iPhone 17 - PhotoBox (5106)' (2.000 seconds)
Test case 'DateBatchPlannerTests/randomChoosesDayThenBatch()' passed on 'Clone 1 of iPhone 17 - PhotoBox (5106)' (2.000 seconds)
Test case 'SinglePhotoDecisionFlowTests/reconstructedCompletedFlowRestoresUndo()' passed on 'Clone 1 of iPhone 17 - PhotoBox (5106)' (2.000 seconds)
Test case 'DateBatchPlannerTests/reportsUnavailableReasons()' passed on 'Clone 1 of iPhone 17 - PhotoBox (5106)' (2.000 seconds)
Test case 'SinglePhotoDecisionFlowTests/relaunchRoutesToReversibleCompletedTask()' passed on 'Clone 1 of iPhone 17 - PhotoBox (5106)' (2.000 seconds)
Test case 'SinglePhotoDecisionFlowTests/screenshotBatchFailureKeepsRecoverableProgress()' passed on 'Clone 1 of iPhone 17 - PhotoBox (5106)' (2.000 seconds)
Test case 'SinglePhotoDecisionFlowTests/persistenceFailureDoesNotAdvanceOrComplete()' passed on 'Clone 1 of iPhone 17 - PhotoBox (5106)' (2.000 seconds)
Test case 'SinglePhotoDecisionFlowTests/recentlyDeletedUndoOutcomePropagates()' passed on 'Clone 1 of iPhone 17 - PhotoBox (5106)' (2.000 seconds)
Test case 'SinglePhotoDecisionFlowTests/screenshotBatchExcludesFavorite()' passed on 'Clone 1 of iPhone 17 - PhotoBox (5106)' (2.000 seconds)
Test case 'TaskLifecycleTests/exclusiveOwnership()' passed on 'Clone 1 of iPhone 17 - PhotoBox (5106)' (2.000 seconds)
Test case 'DateBatchPlannerTests/splitsFiftySix()' passed on 'Clone 1 of iPhone 17 - PhotoBox (5106)' (2.000 seconds)
Test case 'SinglePhotoDecisionFlowTests/deleteTotalsReturnAfterUndo()' passed on 'Clone 1 of iPhone 17 - PhotoBox (5106)' (2.000 seconds)
Test case 'SinglePhotoDecisionFlowTests/finalDecisionCompletesAndUndoRestoresInProgressTask()' passed on 'Clone 1 of iPhone 17 - PhotoBox (5106)' (2.000 seconds)
Test case 'StatisticsProjectionTests/summaryOnlyHistoryContributesDeduplicatedAggregateMetrics()' passed on 'Clone 1 of iPhone 17 - PhotoBox (5106)' (2.000 seconds)
Test case 'StatisticsProjectionTests/newItemsAreMeasuredAgainstInitialCompletedScanBaseline()' passed on 'Clone 1 of iPhone 17 - PhotoBox (5106)' (2.000 seconds)
Test case 'SinglePhotoDecisionFlowTests/submittedDecisionDoesNotRestoreUndo()' passed on 'Clone 1 of iPhone 17 - PhotoBox (5106)' (2.000 seconds)
Test case 'StatisticsProjectionTests/simulatedInventoryFingerprintIncludesAlbumTitlesAndEveryMutationCall()' passed on 'Clone 1 of iPhone 17 - PhotoBox (5106)' (2.000 seconds)
Test case 'StatisticsProjectionTests/noDeleteOrganizationRemainsMeaningful()' passed on 'Clone 1 of iPhone 17 - PhotoBox (5106)' (2.000 seconds)
Test case 'ComparisonFlowTests/editedRecommendationCompletesCurrentGroup()' passed on 'Clone 1 of iPhone 17 - PhotoBox (5106)' (2.000 seconds)
Test case 'StatisticsProjectionTests/readFailureRetainsLastProjection()' passed on 'Clone 1 of iPhone 17 - PhotoBox (5106)' (2.000 seconds)
Test case 'StatisticsProjectionTests/newestTransactionRecordSupersedesOlderSuccessWithSameIdentifier()' passed on 'Clone 1 of iPhone 17 - PhotoBox (5106)' (2.000 seconds)
Test case 'DeleteReviewModelTests/initialJournalSaveFailurePreservesReview()' passed on 'Clone 1 of iPhone 17 - PhotoBox (5106)' (2.000 seconds)
Test case 'SinglePhotoDecisionFlowTests/undoRestoresSnapshotWithoutDuplicateOwnership()' passed on 'Clone 1 of iPhone 17 - PhotoBox (5106)' (2.000 seconds)
Test case 'ComparisonFlowTests/protectedSemanticStatesRemainKeeps()' passed on 'Clone 1 of iPhone 17 - PhotoBox (5106)' (2.000 seconds)
Test case 'DeleteReviewModelTests/unresolvedTransactionCompletesReviewIntoResult()' passed on 'Clone 1 of iPhone 17 - PhotoBox (5106)' (2.000 seconds)
Test case 'DeleteReviewModelTests/cancellingRetryConfirmationRetainsGuidance()' passed on 'Clone 1 of iPhone 17 - PhotoBox (5106)' (1.000 seconds)
Test case 'DeleteReviewModelTests/terminalDeleteRecoveryRepairsDecisionAndHandsOffOnce()' passed on 'Clone 1 of iPhone 17 - PhotoBox (5106)' (1.000 seconds)
Test case 'DeleteReviewModelTests/loadRetryIsSeparateFromDeletion()' passed on 'Clone 1 of iPhone 17 - PhotoBox (5106)' (1.000 seconds)
Test case 'NoDeleteCleanupResultRoutingTests/returnClearsPendingSource()' passed on 'Clone 1 of iPhone 17 - PhotoBox (5106)' (1.000 seconds)
Test case 'StatisticsProjectionTests/detailedHistoryOwnsOverlappingSummaryMetricsWithoutInflation()' passed on 'Clone 1 of iPhone 17 - PhotoBox (5106)' (1.000 seconds)
Test case 'NoDeleteCleanupResultRoutingTests/returnSettingsFailureStillReturnsInMemory()' passed on 'Clone 1 of iPhone 17 - PhotoBox (5106)' (1.000 seconds)
Test case 'StatisticsProjectionTests/onlySucceededArchiveJournalRowsCountAsSuccessfulArchives()' passed on 'Clone 1 of iPhone 17 - PhotoBox (5106)' (1.000 seconds)
Test case 'CleanupHomeProjectionTests/scopesUseInjectedCalendar()' passed on 'Clone 1 of iPhone 17 - PhotoBox (5106)' (1.000 seconds)
Test case 'CleanupHomeProjectionTests/projectsTruthfulInventory()' passed on 'Clone 1 of iPhone 17 - PhotoBox (5106)' (1.000 seconds)
Test case 'NoDeleteCleanupResultRoutingTests/resultReplacesDeleteReviewRoute()' passed on 'Clone 1 of iPhone 17 - PhotoBox (5106)' (1.000 seconds)
Test case 'NoDeleteCleanupResultRoutingTests/taskSummaryIdentityIsStableAndDistinct()' passed on 'Clone 1 of iPhone 17 - PhotoBox (5106)' (1.000 seconds)
Test case 'StatisticsProjectionTests/projectionUsesExactCurrentIdentifiersAndSuccessfulMutationsOnly()' passed on 'Clone 1 of iPhone 17 - PhotoBox (5106)' (2.000 seconds)
Test case 'WeeklyInboxLoadingTests/completedScanBaselineIsStable()' passed on 'Clone 1 of iPhone 17 - PhotoBox (5106)' (1.000 seconds)
Test case 'CleanupHomeProjectionTests/undoReprojectsCurrentDecisions()' passed on 'Clone 1 of iPhone 17 - PhotoBox (5106)' (1.000 seconds)
Test case 'NoDeleteCleanupResultRoutingTests/deleteCandidateDoesNotRouteSummary()' passed on 'Clone 1 of iPhone 17 - PhotoBox (5106)' (1.000 seconds)
Test case 'WeeklyInboxLoadingTests/productionRoutingUsesTaskLifecycle()' passed on 'Clone 1 of iPhone 17 - PhotoBox (5106)' (1.000 seconds)
Test case 'WeeklyInboxLoadingTests/generatedWorkSurvivesRelaunchWithoutDuplicates()' passed on 'Clone 1 of iPhone 17 - PhotoBox (5106)' (1.000 seconds)
Test case 'NoDeleteCleanupResultRoutingTests/transactionResultRestoresAndReturnConsumesSource()' passed on 'Clone 1 of iPhone 17 - PhotoBox (5106)' (1.000 seconds)
Test case 'TaskGenerationTests/favoriteScreenshotIsProtectedFromGeneration()' passed on 'Clone 1 of iPhone 17 - PhotoBox (5106)' (1.000 seconds)
Test case 'TaskGenerationTests/generatesStableTasksFromScanDescriptors()' passed on 'Clone 1 of iPhone 17 - PhotoBox (5106)' (1.000 seconds)
Test case 'NoDeleteCleanupResultRoutingTests/completionIsIdempotent()' passed on 'Clone 1 of iPhone 17 - PhotoBox (5106)' (1.000 seconds)
Test case 'WeeklyInboxLoadingTests/corruptBulkRowsFailClosed()' passed on 'Clone 1 of iPhone 17 - PhotoBox (5106)' (1.000 seconds)
Test case 'TaskGenerationTests/partialScanDoesNotInvalidateExistingTasks()' passed on 'Clone 1 of iPhone 17 - PhotoBox (5106)' (1.000 seconds)
Test case 'DeleteReviewModelTests/partialResultCompletesReviewIntoResult()' passed on 'Clone 1 of iPhone 17 - PhotoBox (5106)' (1.000 seconds)
Test case 'CleanupHomeIntegrationTests/cloudOnlyDoesNotCreateTask()' passed on 'Clone 1 of iPhone 17 - PhotoBox (5106)' (1.000 seconds)
Test case 'DeleteReviewModelTests/submissionFailureRetainsSelection()' passed on 'Clone 1 of iPhone 17 - PhotoBox (5106)' (1.000 seconds)
Test case 'TaskGenerationTests/mergeReopensTerminalTaskForNewAssets()' passed on 'Clone 1 of iPhone 17 - PhotoBox (5106)' (1.000 seconds)
Test case 'LiveLocalNotificationServiceTests/productionRequestConversionIsExact()' passed on 'Clone 1 of iPhone 17 - PhotoBox (5106)' (1.000 seconds)
Test case 'WorkflowRepositoryTests/decisionRoundTrip()' passed on 'Clone 1 of iPhone 17 - PhotoBox (5106)' (1.000 seconds)
Test case 'CleanupHomeIntegrationTests/normalLaunchKeepsWorkOnHome()' passed on 'Clone 1 of iPhone 17 - PhotoBox (5106)' (1.000 seconds)
Test case 'StatisticsProjectionTests/separatesOrganizationMetrics()' passed on 'Clone 1 of iPhone 17 - PhotoBox (5106)' (2.000 seconds)
Test case 'WorkflowRepositoryTests/completeSchemaRoundTrip()' passed on 'Clone 1 of iPhone 17 - PhotoBox (5106)' (1.000 seconds)
Test case 'WeeklyInboxLoadingTests/inheritedTaskBatchContractDoesNotPersistPartially()' passed on 'Clone 1 of iPhone 17 - PhotoBox (5106)' (1.000 seconds)
Test case 'TaskGenerationTests/screenshotsHaveSingleTaskOwnership()' passed on 'Clone 1 of iPhone 17 - PhotoBox (5106)' (1.000 seconds)
Test case 'WorkflowRepositoryTests/completeReconciliation()' passed on 'Clone 1 of iPhone 17 - PhotoBox (5106)' (1.000 seconds)
Test case 'NoDeleteCleanupResultRoutingTests/relaunchRestoresExactSummary()' passed on 'Clone 1 of iPhone 17 - PhotoBox (5106)' (1.000 seconds)
Test case 'TaskRankingTests/terminalTasksAreExcludedFromDiagnosis()' passed on 'Clone 1 of iPhone 17 - PhotoBox (5106)' (1.000 seconds)
Test case 'DecisionWorkflowTests/undoRestoresState()' passed on 'Clone 1 of iPhone 17 - PhotoBox (5106)' (1.000 seconds)
Test case 'CleanupHomeIntegrationTests/datesDoNotInventDiagnosisSavings()' passed on 'Clone 1 of iPhone 17 - PhotoBox (5106)' (1.000 seconds)
Test case 'WorkflowRepositoryTests/clearHistoryIsLocalOnly()' passed on 'Clone 1 of iPhone 17 - PhotoBox (5106)' (1.000 seconds)
Test case 'TaskGenerationTests/partialGenerationDefersGroups()' passed on 'Clone 1 of iPhone 17 - PhotoBox (5106)' (1.000 seconds)
Test case 'LiveLocalNotificationServiceTests/stableCalendarRequestLifecycle()' passed on 'Clone 1 of iPhone 17 - PhotoBox (5106)' (1.000 seconds)
Test case 'DecisionWorkflowTests/decisionReplacement()' passed on 'Clone 1 of iPhone 17 - PhotoBox (5106)' (1.000 seconds)
Test case 'TaskRankingTests/diagnosisSummary()' passed on 'Clone 1 of iPhone 17 - PhotoBox (5106)' (1.000 seconds)
Test case 'PhotoBoxMotionTests/normalMotionPerformsNativeAction()' passed on 'Clone 1 of iPhone 17 - PhotoBox (5106)' (1.000 seconds)
Test case 'AlbumHomeModelTests/projectionPreservesIdentityAndFillsRecentFallback()' passed on 'Clone 1 of iPhone 17 - PhotoBox (5106)' (1.000 seconds)
Test case 'NoDeleteCleanupResultRoutingTests/missingPendingSourceDoesNotSubstitute()' passed on 'Clone 1 of iPhone 17 - PhotoBox (5106)' (1.000 seconds)
Test case 'WorkflowRepositoryTests/reconcileAssets()' passed on 'Clone 1 of iPhone 17 - PhotoBox (5106)' (1.000 seconds)
Test case 'NoDeleteCleanupResultRoutingTests/settingsWriteFailureStillRoutes()' passed on 'Clone 1 of iPhone 17 - PhotoBox (5106)' (1.000 seconds)
Test case 'TaskRankingTests/trustRanksBeforeSpace()' passed on 'Clone 1 of iPhone 17 - PhotoBox (5106)' (1.000 seconds)
Test case 'WorkflowRepositoryTests/reconciliationInvalidatesEmptyTask()' passed on 'Clone 1 of iPhone 17 - PhotoBox (5106)' (1.000 seconds)
Test case 'NoDeleteCleanupResultRoutingTests/summaryWriteFailureDoesNotRoute()' passed on 'Clone 1 of iPhone 17 - PhotoBox (5106)' (1.000 seconds)
Test case 'TaskRankingTests/recentSkipLowersPriority()' passed on 'Clone 1 of iPhone 17 - PhotoBox (5106)' (1.000 seconds)
Test case 'TaskRankingTests/largeVideoBytesAreExcludedFromReclaimableSpace()' passed on 'Clone 1 of iPhone 17 - PhotoBox (5106)' (1.000 seconds)
Test case 'TaskGenerationTests/incrementalScreenshotTaskIdentityIsStable()' passed on 'Clone 1 of iPhone 17 - PhotoBox (5106)' (1.000 seconds)
Test case 'WeeklyReminderTests/nonFullNotificationAuthorizationRemainsInactive(authorization:)' passed on 'Clone 1 of iPhone 17 - PhotoBox (5106)' (1.000 seconds)
Test case 'TaskGenerationTests/mergePreservesCurrentAssetPosition()' passed on 'Clone 1 of iPhone 17 - PhotoBox (5106)' (1.000 seconds)
Test case 'PhotoBoxMotionTests/normalMotionDoesNotOverrideTransaction()' passed on 'Clone 1 of iPhone 17 - PhotoBox (5106)' (1.000 seconds)
Test case 'DecisionWorkflowTests/submittedBoundary()' passed on 'Clone 1 of iPhone 17 - PhotoBox (5106)' (1.000 seconds)
Test case 'PhotoBoxMotionTests/reduceMotionPerformsReducedAction()' passed on 'Clone 1 of iPhone 17 - PhotoBox (5106)' (1.000 seconds)
Test case 'PhotoBoxMotionTests/reduceMotionDisablesAnimation()' passed on 'Clone 1 of iPhone 17 - PhotoBox (5106)' (1.000 seconds)
Test case 'MutationCoordinatorTests/selectedRetryRejectsResolvedIDs()' passed on 'Clone 1 of iPhone 17 - PhotoBox (5106)' (1.000 seconds)
Test case 'WeeklyReminderTests/nonFullNotificationAuthorizationRemainsInactive(authorization:)' passed on 'Clone 1 of iPhone 17 - PhotoBox (5106)' (1.000 seconds)
Test case 'WeeklyReminderTests/nonFullNotificationAuthorizationRemainsInactive(authorization:)' passed on 'Clone 1 of iPhone 17 - PhotoBox (5106)' (1.000 seconds)
Test case 'WeeklyReminderTests/historyClearReportsReminderRemovalFailure()' passed on 'Clone 1 of iPhone 17 - PhotoBox (5106)' (1.000 seconds)
Test case 'MutationCoordinatorTests/legacyMutationJournalDecodes()' passed on 'Clone 1 of iPhone 17 - PhotoBox (5106)' (1.000 seconds)
Test case 'MutationCoordinatorTests/authorizedRefreshReconcilesSubmittedArchive()' passed on 'Clone 1 of iPhone 17 - PhotoBox (5106)' (1.000 seconds)
Test case 'WeeklyReminderTests/directDenialAfterPermissionRequestRemainsInactive()' passed on 'Clone 1 of iPhone 17 - PhotoBox (5106)' (1.000 seconds)
Test case 'WeeklyReminderTests/schedulingFailureIsTruthful()' passed on 'Clone 1 of iPhone 17 - PhotoBox (5106)' (1.000 seconds)
Test case 'PhotoRecommendationTests/lowConfidenceHasNoBest()' passed on 'Clone 1 of iPhone 17 - PhotoBox (5106)' (1.000 seconds)
Test case 'PhotoRecommendationTests/supportedRecommendation()' passed on 'Clone 1 of iPhone 17 - PhotoBox (5106)' (1.000 seconds)
Test case 'PhotoRecommendationTests/protectedOverride()' passed on 'Clone 1 of iPhone 17 - PhotoBox (5106)' (1.000 seconds)
Test case 'DecisionQueueTests/failedReconciliationRetainsContentAndRetries()' passed on 'Clone 1 of iPhone 17 - PhotoBox (5106)' (1.000 seconds)
Test case 'AlbumArchiveFlowTests/existingAlbumSuccessRecordsAndAdvancesOnce()' passed on 'Clone 1 of iPhone 17 - PhotoBox (5106)' (1.000 seconds)
Test case 'PhotoBoxTests/assetAvailability()' passed on 'Clone 1 of iPhone 17 - PhotoBox (5106)' (2.000 seconds)
Test case 'PhotoBoxTests/photoRequestPolicy()' passed on 'Clone 1 of iPhone 17 - PhotoBox (5106)' (2.000 seconds)
Test case 'PhotoBoxTests/assetDescriptorMapping()' passed on 'Clone 1 of iPhone 17 - PhotoBox (5106)' (2.000 seconds)
Test case 'PhotoBoxTests/scanningAuthorization()' passed on 'Clone 1 of iPhone 17 - PhotoBox (5106)' (2.000 seconds)
Test case 'CandidateDiscoveryTests/conservativeDiscovery()' passed on 'Clone 1 of iPhone 17 - PhotoBox (5106)' (2.000 seconds)
Test case 'MyHomeModelTests/confirmedDeletionsOnly()' passed on 'Clone 1 of iPhone 17 - PhotoBox (5106)' (2.000 seconds)
Test case 'MyHomeModelTests/processedSemantics()' passed on 'Clone 1 of iPhone 17 - PhotoBox (5106)' (2.000 seconds)
Test case 'PhotoBoxTests/scanProgress()' passed on 'Clone 1 of iPhone 17 - PhotoBox (5106)' (2.000 seconds)
Test case 'AppModelRestorationTests/restoresSimilarTaskToComparison()' passed on 'Clone 1 of iPhone 17 - PhotoBox (5106)' (2.000 seconds)
Test case 'CleanupResultsModelTests/persistedSummaryRejectsInvalidScalars()' passed on 'Clone 1 of iPhone 17 - PhotoBox (5106)' (2.000 seconds)
Test case 'WeeklyInboxGenerationTests/partialTaskOwnershipIsNotSplit()' passed on 'Clone 1 of iPhone 17 - PhotoBox (5106)' (2.000 seconds)
Test case 'MyHomeModelTests/historyDatesAndCandidateLabels()' passed on 'Clone 1 of iPhone 17 - PhotoBox (5106)' (2.000 seconds)
Test case 'PhotoBoxTests/authorizationMapping()' passed on 'Clone 1 of iPhone 17 - PhotoBox (5106)' (2.000 seconds)
Test case 'CandidateDiscoveryTests/boundedThumbnailLoading()' passed on 'Clone 1 of iPhone 17 - PhotoBox (5106)' (2.000 seconds)
Test case 'CandidateDiscoveryTests/thumbnailRequestCancellation()' passed on 'Clone 1 of iPhone 17 - PhotoBox (5106)' (2.000 seconds)
Test case 'CleanupResultsModelTests/backendMismatchFailsTruthfullyAndRecoversExactSource()' passed on 'Clone 1 of iPhone 17 - PhotoBox (5106)' (2.000 seconds)
Test case 'SimulatedMutationTests/configuredOutcomes()' passed on 'Clone 1 of iPhone 17 - PhotoBox (5106)' (2.000 seconds)
Test case 'CleanupResultsModelTests/projectionRetriesOnlyUnresolvedIdentifiers()' passed on 'Clone 1 of iPhone 17 - PhotoBox (5106)' (2.000 seconds)
Test case 'WeeklyInboxGenerationTests/noEligibleWorkIsTrulyEmpty()' passed on 'Clone 1 of iPhone 17 - PhotoBox (5106)' (2.000 seconds)
Test case 'WeeklyInboxGenerationTests/favoriteExpiredScreenshotIsExcluded()' passed on 'Clone 1 of iPhone 17 - PhotoBox (5106)' (2.000 seconds)
Test case 'AppModelRestorationTests/restoresWorkflow()' passed on 'Clone 1 of iPhone 17 - PhotoBox (5106)' (2.000 seconds)
Test case 'WeeklyInboxGenerationTests/deterministicFiveMinuteBoundaryAndProgress()' passed on 'Clone 1 of iPhone 17 - PhotoBox (5106)' (2.000 seconds)
Test case 'WeeklyInboxGenerationTests/includesAllSourcesWithExactOwnership()' passed on 'Clone 1 of iPhone 17 - PhotoBox (5106)' (2.000 seconds)
Test case 'DeleteReviewModelTests/relaunchCompletesDecisionAfterPostMutationDecisionSaveFailure()' passed on 'Clone 1 of iPhone 17 - PhotoBox (5106)' (2.000 seconds)
Test case 'CleanupResultsModelTests/defaultExactLookupFindsOnlyRequestedSource()' passed on 'Clone 1 of iPhone 17 - PhotoBox (5106)' (2.000 seconds)
Test case 'WeeklyInboxGenerationTests/activeLargeVideoOwnershipIsReserved()' passed on 'Clone 1 of iPhone 17 - PhotoBox (5106)' (2.000 seconds)
Test case 'PhotoBoxTests/expiredScreenshotClassification()' passed on 'Clone 1 of iPhone 17 - PhotoBox (5106)' (2.000 seconds)
Test case 'WeeklyInboxGenerationTests/oversizedWholeTaskRemainsTruthful()' passed on 'Clone 1 of iPhone 17 - PhotoBox (5106)' (2.000 seconds)
Test case 'WeeklyReminderTests/historyClearRemovesWeeklyReminder()' passed on 'Clone 1 of iPhone 17 - PhotoBox (5106)' (2.000 seconds)
Test case 'WeeklyInboxGenerationTests/equalRankUsesStableIDOrder()' passed on 'Clone 1 of iPhone 17 - PhotoBox (5106)' (2.000 seconds)
Test case 'WeeklyInboxGenerationTests/omittedOwnerStillReservesItsAssets()' passed on 'Clone 1 of iPhone 17 - PhotoBox (5106)' (2.000 seconds)
Test case 'PhotoBoxTests/longVideoClassification()' passed on 'Clone 1 of iPhone 17 - PhotoBox (5106)' (2.000 seconds)
Test case 'WeeklyInboxGenerationTests/mixedAvailabilityKeepsLocalWork()' passed on 'Clone 1 of iPhone 17 - PhotoBox (5106)' (2.000 seconds)
Test case 'CleanupResultsModelTests/exactLookupFailureRestoresPendingResult()' passed on 'Clone 1 of iPhone 17 - PhotoBox (5106)' (2.000 seconds)
Test case 'StatisticsProjectionTests/historyClearingResetsOnlyLocalWorkflowState()' passed on 'Clone 1 of iPhone 17 - PhotoBox (5106)' (2.000 seconds)
Test case 'DeleteReviewModelTests/confirmationSubmitsRemainingCandidatesOnce()' passed on 'Clone 1 of iPhone 17 - PhotoBox (5106)' (2.000 seconds)
Test case 'DeleteReviewModelTests/emptyRetrySelectionDoesNotSubmit()' passed on 'Clone 1 of iPhone 17 - PhotoBox (5106)' (2.000 seconds)
Test case 'StatisticsProjectionTests/capturedLoadCannotPublishAfterHistoryClearing()' passed on 'Clone 1 of iPhone 17 - PhotoBox (5106)' (2.000 seconds)
Test case 'NoDeleteCleanupResultRoutingTests/terminalArchiveRoutesSummary()' passed on 'Clone 1 of iPhone 17 - PhotoBox (5106)' (2.000 seconds)
Test case 'DeleteReviewModelTests/staleCandidateIsExcludedBeforeMutation()' passed on 'Clone 1 of iPhone 17 - PhotoBox (5106)' (2.000 seconds)
Test case 'DeleteReviewModelTests/loadHandsOffReconciledResolvedDeleteTransactionOnce()' passed on 'Clone 1 of iPhone 17 - PhotoBox (5106)' (2.000 seconds)
Test case 'WeeklyInboxLoadingTests/cancelledRefreshClearsLoading()' passed on 'Clone 1 of iPhone 17 - PhotoBox (5106)' (2.000 seconds)
Test case 'AlbumHomeModelTests/deniedScopeBlocksReadsAndCreation()' passed on 'Clone 1 of iPhone 17 - PhotoBox (5106)' (2.000 seconds)
Test case 'WeeklyReminderTests/enablementPersistenceFailureCompensates()' passed on 'Clone 1 of iPhone 17 - PhotoBox (5106)' (2.000 seconds)
Test case 'WeeklyReminderTests/disablePersistenceFailureCompensates()' passed on 'Clone 1 of iPhone 17 - PhotoBox (5106)' (2.000 seconds)
Test case 'WeeklyReminderTests/meaningfulCleanupOptInPersistsOneGenericReminder()' passed on 'Clone 1 of iPhone 17 - PhotoBox (5106)' (2.000 seconds)
Test case 'AlbumHomeModelTests/contentPreservesAccessibleMedia()' passed on 'Clone 1 of iPhone 17 - PhotoBox (5106)' (2.000 seconds)
Test case 'WeeklyReminderTests/weekdayPersistenceFailureCompensates()' passed on 'Clone 1 of iPhone 17 - PhotoBox (5106)' (2.000 seconds)
Test case 'CandidateDiscoveryTests/cancelledThumbnailLoading()' passed on 'Clone 1 of iPhone 17 - PhotoBox (5106)' (2.000 seconds)
Test case 'MutationCoordinatorTests/relaunchRecoveryAppliesArchiveStateOnce()' passed on 'Clone 1 of iPhone 17 - PhotoBox (5106)' (2.000 seconds)
Test case 'AlbumArchiveFlowTests/debugOptOutRevokesCachedFlowMutator()' passed on 'Clone 1 of iPhone 17 - PhotoBox (5106)' (2.000 seconds)
Test case 'AlbumArchiveFlowTests/failedDebugOptOutPersistenceKeepsLiveModeVisible()' passed on 'Clone 1 of iPhone 17 - PhotoBox (5106)' (2.000 seconds)
Test case 'WeeklyReminderTests/deniedAuthorizationReconcilesPersistedState()' passed on 'Clone 1 of iPhone 17 - PhotoBox (5106)' (2.000 seconds)
Test case 'AlbumArchiveFlowTests/appModelReturnsToNextAssetAfterArchive()' passed on 'Clone 1 of iPhone 17 - PhotoBox (5106)' (2.000 seconds)
Test case 'AlbumArchiveFlowTests/albumCreationFailureExposesGuidance()' passed on 'Clone 1 of iPhone 17 - PhotoBox (5106)' (2.000 seconds)
Test case 'MutationCoordinatorTests/submittedArchiveMembershipReconcilesWithoutResubmission()' passed on 'Clone 1 of iPhone 17 - PhotoBox (5106)' (2.000 seconds)
Test case 'CleanupResultsModelTests/postMutationPersistenceFailureNarrowsRetrySurface()' passed on 'Clone 1 of iPhone 17 - PhotoBox (5106)' (2.000 seconds)
Test case 'DeleteReviewModelTests/overlappingLoadsPublishLatestProjection()' passed on 'Clone 1 of iPhone 17 - PhotoBox (5106)' (3.000 seconds)
Test case 'DeleteReviewModelTests/retryJournalSaveFailureRetainsRecovery()' passed on 'Clone 1 of iPhone 17 - PhotoBox (5106)' (3.000 seconds)
Test case 'DeleteReviewModelTests/recoveryReloadSelectsAccessibleUnresolvedItemsWithoutSubmitting()' passed on 'Clone 1 of iPhone 17 - PhotoBox (5106)' (3.000 seconds)
Test case 'StatisticsProjectionTests/historyClearInvalidatesSuspendedSingleDecisionLoad()' passed on 'Clone 1 of iPhone 17 - PhotoBox (5106)' (2.000 seconds)
Test case 'MutationCoordinatorTests/submittedAlbumCreationReusesRecoveredAlbum()' passed on 'Clone 1 of iPhone 17 - PhotoBox (5106)' (2.000 seconds)
Test case 'AlbumArchiveFlowTests/missingTargetPreservesStateAndRequestsReselection()' passed on 'Clone 1 of iPhone 17 - PhotoBox (5106)' (2.000 seconds)
Test case 'SimulatedMutationTests/albumFailureRecovery()' passed on 'Clone 1 of iPhone 17 - PhotoBox (5106)' (2.000 seconds)
Test case 'StatisticsProjectionTests/overlappingHistoryConfirmationsAreSingleFlight()' passed on 'Clone 1 of iPhone 17 - PhotoBox (5106)' (3.000 seconds)
Test case 'DeleteReviewModelTests/relaunchReconcilesSubmittedDeleteAfterResultSaveFailure()' passed on 'Clone 1 of iPhone 17 - PhotoBox (5106)' (3.000 seconds)
Test case 'MyHomeModelTests/readFailureRetryAndClear()' passed on 'Clone 1 of iPhone 17 - PhotoBox (5106)' (2.000 seconds)
Test case 'AppModelRestorationTests/preparesPersistedComparisonTask()' passed on 'Clone 1 of iPhone 17 - PhotoBox (5106)' (2.000 seconds)
Test case 'CandidateDiscoveryTests/thumbnailLoadsUseCache()' passed on 'Clone 1 of iPhone 17 - PhotoBox (5106)' (2.000 seconds)
Test case 'CandidateDiscoveryTests/thumbnailCacheEvictsLeastRecentlyUsed()' passed on 'Clone 1 of iPhone 17 - PhotoBox (5106)' (2.000 seconds)
Test case 'DeleteReviewModelTests/mutationRetryUsesRetainedTransaction()' passed on 'Clone 1 of iPhone 17 - PhotoBox (5106)' (2.000 seconds)
Test case 'DeleteReviewModelTests/retryUsesCurrentUnresolvedSelection()' passed on 'Clone 1 of iPhone 17 - PhotoBox (5106)' (2.000 seconds)
Test case 'ScanCoordinatorTests/resumeRebuildsCountsForCurrentScope()' passed on 'Clone 1 of iPhone 17 - PhotoBox (5106)' (2.000 seconds)
Test case 'ScanCoordinatorTests/resumesFromCheckpoint()' passed on 'Clone 1 of iPhone 17 - PhotoBox (5106)' (2.000 seconds)
Test case 'DecisionQueueTests/appModelReconstructionRestoresQueues()' passed on 'Clone 1 of iPhone 17 - PhotoBox (5106)' (2.000 seconds)
Test case 'WeeklyReminderTests/deniedNotificationsPreserveEmptyWeeklyInbox()' passed on 'Clone 1 of iPhone 17 - PhotoBox (5106)' (2.000 seconds)
Test case 'AlbumHomeModelTests/replacementSuppressesPendingCreation()' passed on 'Clone 1 of iPhone 17 - PhotoBox (5106)' (2.000 seconds)
Test case 'MutationCoordinatorTests/authorizedRefreshWaitsForArchiveRecovery()' passed on 'Clone 1 of iPhone 17 - PhotoBox (5106)' (2.000 seconds)
Test case 'MutationCoordinatorTests/grantedAuthorizationWaitsForArchiveRecovery()' passed on 'Clone 1 of iPhone 17 - PhotoBox (5106)' (2.000 seconds)
Test case 'MutationCoordinatorTests/retriesOnlyFailures()' passed on 'Clone 1 of iPhone 17 - PhotoBox (5106)' (2.000 seconds)
Test case 'WeeklyReminderTests/weekdayRestorationFailureRemainsRetryable()' passed on 'Clone 1 of iPhone 17 - PhotoBox (5106)' (2.000 seconds)
Test case 'WeeklyReminderTests/disableCompensationFailureRemainsRetryable()' passed on 'Clone 1 of iPhone 17 - PhotoBox (5106)' (2.000 seconds)
Test case 'WeeklyReminderTests/appActivationReconcilesNotificationAuthorization()' passed on 'Clone 1 of iPhone 17 - PhotoBox (5106)' (2.000 seconds)
Test case 'WeeklyReminderTests/reminderMutationDuringHistoryClearHasZeroEffects()' passed on 'Clone 1 of iPhone 17 - PhotoBox (5106)' (2.000 seconds)
Test case 'PhotoBoxTests/restartPersistsReplacementCheckpointBeforeEnumeration()' passed on 'Clone 1 of iPhone 17 - PhotoBox (5106)' (2.000 seconds)
Test case 'WeeklyReminderTests/launchOnboardingAndDiagnosisHaveZeroNotificationEffects()' passed on 'Clone 1 of iPhone 17 - PhotoBox (5106)' (2.000 seconds)
Test case 'AlbumArchiveFlowTests/inFlightArchivePreservesDebugOptOut()' passed on 'Clone 1 of iPhone 17 - PhotoBox (5106)' (2.000 seconds)
Test case 'CleanupResultsModelTests/sameModelPartialRetryNarrowsUnresolvedIDs()' passed on 'Clone 1 of iPhone 17 - PhotoBox (5106)' (2.000 seconds)
Test case 'StatisticsProjectionTests/historyClearInvalidatesSuspendedComparisonLoad()' passed on 'Clone 1 of iPhone 17 - PhotoBox (5106)' (2.000 seconds)
Test case 'DeleteReviewModelTests/concurrentConfirmationsSubmitOnce()' passed on 'Clone 1 of iPhone 17 - PhotoBox (5106)' (2.000 seconds)
Test case 'AlbumHomeModelTests/refreshUpdatesExistingIdentities()' passed on 'Clone 1 of iPhone 17 - PhotoBox (5106)' (2.000 seconds)
Test case 'AlbumHomeModelTests/missingCollectionRecovery()' passed on 'Clone 1 of iPhone 17 - PhotoBox (5106)' (2.000 seconds)
Test case 'AlbumHomeModelTests/pendingCreationInvalidation()' passed on 'Clone 1 of iPhone 17 - PhotoBox (5106)' (2.000 seconds)
Test case 'WeeklyReminderTests/weekdayChangeWinsOverSuspendedDisable()' passed on 'Clone 1 of iPhone 17 - PhotoBox (5106)' (2.000 seconds)
Test case 'MutationCoordinatorTests/selectedRetrySubmitsOnlyRequestedUnresolvedIDs()' passed on 'Clone 1 of iPhone 17 - PhotoBox (5106)' (2.000 seconds)
Test case 'WeeklyReminderTests/replacementAndDisablementAreLatestWins()' passed on 'Clone 1 of iPhone 17 - PhotoBox (5106)' (2.000 seconds)
Test case 'MutationCoordinatorTests/newerDeniedRefreshSupersedesReadableRecovery()' passed on 'Clone 1 of iPhone 17 - PhotoBox (5106)' (2.000 seconds)
Test case 'WeeklyReminderTests/deniedReconciliationRetriesRemovalAndPersistence()' passed on 'Clone 1 of iPhone 17 - PhotoBox (5106)' (2.000 seconds)
Test case 'WeeklyReminderTests/latestWeekdayWinsAfterSuspension()' passed on 'Clone 1 of iPhone 17 - PhotoBox (5106)' (2.000 seconds)
Test case 'CandidateDiscoveryTests/concurrentThumbnailMissesAreCoalesced()' passed on 'Clone 1 of iPhone 17 - PhotoBox (5106)' (2.000 seconds)
Test case 'AlbumArchiveFlowTests/createsTrimmedAlbumAndArchives()' passed on 'Clone 1 of iPhone 17 - PhotoBox (5106)' (2.000 seconds)
Test case 'CleanupResultsModelTests/suspendedOverlappingRetrySubmitsOnce()' passed on 'Clone 1 of iPhone 17 - PhotoBox (5106)' (2.000 seconds)
Test case 'ScanCoordinatorTests/completedScanDescriptorsAreReusable()' passed on 'Clone 1 of iPhone 17 - PhotoBox (5106)' (2.000 seconds)
Test case 'AlbumLibraryReadingTests/appCompositionAndPermissionChange()' passed on 'Clone 1 of iPhone 17 - PhotoBox (5106)' (2.000 seconds)
Test case 'AlbumHomeModelTests/readFailureAndRetry()' passed on 'Clone 1 of iPhone 17 - PhotoBox (5106)' (2.000 seconds)
Test case 'AlbumHomeModelTests/contentScopeChangeDoesNotPublish()' passed on 'Clone 1 of iPhone 17 - PhotoBox (5106)' (2.000 seconds)
Test case 'ScanCoordinatorTests/partialScanDescriptorsAreAvailableBeforeCompletion()' passed on 'Clone 1 of iPhone 17 - PhotoBox (5106)' (2.000 seconds)
Test case 'WeeklyInboxLoadingTests/overlappingRefreshIsLatestWins()' passed on 'Clone 1 of iPhone 17 - PhotoBox (5106)' (2.000 seconds)
Test case 'WeeklyReminderTests/enableCompensationFailureRemainsRetryable()' passed on 'Clone 1 of iPhone 17 - PhotoBox (5106)' (2.000 seconds)
Test case 'WeeklyReminderTests/historyClearWinsOverSuspendedEnable()' passed on 'Clone 1 of iPhone 17 - PhotoBox (5106)' (2.000 seconds)
Test case 'MutationCoordinatorTests/newerLimitedRequestSupersedesAuthorizedRefresh()' passed on 'Clone 1 of iPhone 17 - PhotoBox (5106)' (2.000 seconds)
Test case 'WeeklyReminderTests/screenshotPersistenceFailureRollsBackWithoutRescan()' passed on 'Clone 1 of iPhone 17 - PhotoBox (5106)' (2.000 seconds)
Test case 'DecisionQueueTests/latestOverlappingLoadWins()' passed on 'Clone 1 of iPhone 17 - PhotoBox (5106)' (2.000 seconds)
Test case 'DecisionQueueTests/cancelledLoadPreservesLastCompleteQueue()' passed on 'Clone 1 of iPhone 17 - PhotoBox (5106)' (2.000 seconds)
Test case 'WeeklyReminderTests/disableWinsOverSuspendedEnable()' passed on 'Clone 1 of iPhone 17 - PhotoBox (5106)' (2.000 seconds)
Test case 'WeeklyReminderTests/explicitOptInWinsOverStaleAuthorizationRefresh()' passed on 'Clone 1 of iPhone 17 - PhotoBox (5106)' (2.000 seconds)
Test case 'WeeklyReminderTests/failedStaleRepairIsRetryable()' passed on 'Clone 1 of iPhone 17 - PhotoBox (5106)' (2.000 seconds)
Test case 'AlbumHomeModelTests/creationOnlyAndValidation()' passed on 'Clone 1 of iPhone 17 - PhotoBox (5106)' (2.000 seconds)
Test case 'ScanCoordinatorTests/largeScansBatchProgressPersistence()' passed on 'Clone 1 of iPhone 17 - PhotoBox (5106)' (2.000 seconds)
Test case 'AlbumHomeModelTests/simulatedCollectionsClearedOnBackendReplacement()' passed on 'Clone 1 of iPhone 17 - PhotoBox (5106)' (2.000 seconds)
Test case 'ScanCoordinatorTests/cancellationPersistsCheckpoint()' passed on 'Clone 1 of iPhone 17 - PhotoBox (5106)' (2.000 seconds)
Test case 'AlbumHomeModelTests/invalidationSuppressesStaleResult()' passed on 'Clone 1 of iPhone 17 - PhotoBox (5106)' (2.000 seconds)
Test case 'AlbumHomeModelTests/contentFailureRetryAndPermissionLoss()' passed on 'Clone 1 of iPhone 17 - PhotoBox (5106)' (2.000 seconds)
Test case 'MutationCoordinatorTests/delayedAlbumVisibilityDoesNotDuplicateCreation()' passed on 'Clone 1 of iPhone 17 - PhotoBox (5106)' (2.000 seconds)
Test case 'ScanCoordinatorTests/descriptorReadFailureCanRetry()' passed on 'Clone 1 of iPhone 17 - PhotoBox (5106)' (2.000 seconds)
Test case 'WeeklyReminderTests/screenshotThresholdIsPersistentAndScanOnly()' passed on 'Clone 1 of iPhone 17 - PhotoBox (5106)' (2.000 seconds)
Test case 'MutationCoordinatorTests/createdAlbumIsReusedAfterAddFailure()' passed on 'Clone 1 of iPhone 17 - PhotoBox (5106)' (2.000 seconds)
Test case 'AlbumLibraryReadingTests/collectionOnlyChangesPreserveUnscannedWork()' passed on 'Clone 1 of iPhone 17 - PhotoBox (5106)' (2.000 seconds)
Test case 'WeeklyReminderTests/disabledStaleRepairIsExplicitlyRetryable()' passed on 'Clone 1 of iPhone 17 - PhotoBox (5106)' (2.000 seconds)
Test case 'AlbumArchiveFlowTests/nonSuccessResultsNeverRecordOrAdvance()' passed on 'Clone 1 of iPhone 17 - Photo2026-09-14 18:13:21.373 xcodebuild[4715:1120912] [MT] IDETestOperationsObserverDebug: 38.569 elapsed -- Testing started completed.
2026-09-14 18:13:21.373 xcodebuild[4715:1120912] [MT] IDETestOperationsObserverDebug: 0.000 sec, +0.000 sec -- start
2026-09-14 18:13:21.373 xcodebuild[4715:1120912] [MT] IDETestOperationsObserverDebug: 38.570 sec, +38.570 sec -- end
Box (5106)' (2.000 seconds)
Test case 'AlbumHomeModelTests/staleContentDoesNotPublish()' passed on 'Clone 1 of iPhone 17 - PhotoBox (5106)' (2.000 seconds)
Test case 'AlbumHomeModelTests/scopeChangeDuringRead()' passed on 'Clone 1 of iPhone 17 - PhotoBox (5106)' (2.000 seconds)
Test case 'ScanCoordinatorTests/replacementInvalidatesOldScan()' passed on 'Clone 1 of iPhone 17 - PhotoBox (5106)' (2.000 seconds)
Test case 'WeeklyReminderTests/authorizationAndSchedulingFailuresAreRetryable()' passed on 'Clone 1 of iPhone 17 - PhotoBox (5106)' (2.000 seconds)
Test case 'AlbumHomeModelTests/createdAlbumSurvivesReadFailure()' passed on 'Clone 1 of iPhone 17 - PhotoBox (5106)' (2.000 seconds)
Test case 'AppModelRestorationTests/newerComparisonPreparationWinsOverStaleLoad()' passed on 'Clone 1 of iPhone 17 - PhotoBox (5106)' (2.000 seconds)
Test case 'AlbumHomeModelTests/cancellationAndSingleSubmission()' passed on 'Clone 1 of iPhone 17 - PhotoBox (5106)' (2.000 seconds)
Test case 'PhotoBoxTests/appModelPublishesScan()' passed on 'Clone 1 of iPhone 17 - PhotoBox (5106)' (2.000 seconds)
Test case 'PhotoBoxTests/partialScanMaterializesTaskBeforeCompletion()' passed on 'Clone 1 of iPhone 17 - PhotoBox (5106)' (2.000 seconds)
Test case 'PhotoBoxTests/deniedAccessClearsScan()' passed on 'Clone 1 of iPhone 17 - PhotoBox (5106)' (2.000 seconds)
Test case 'WeeklyInboxLoadingTests/laterScanDoesNotReplaceInitialBaseline()' passed on 'Clone 1 of iPhone 17 - PhotoBox (5106)' (2.000 seconds)
Test case 'PhotoBoxTests/appActivationDoesNotRestartCompletedScan()' passed on 'Clone 1 of iPhone 17 - PhotoBox (5106)' (2.000 seconds)
Test case 'WeeklyInboxLoadingTests/sameSessionCompletedScanUpdatesWeeklyBaseline()' passed on 'Clone 1 of iPhone 17 - PhotoBox (5106)' (2.000 seconds)
Test case 'AlbumHomeModelTests/uncertainCreationRecoveryIsReadOnly()' passed on 'Clone 1 of iPhone 17 - PhotoBox (5106)' (2.000 seconds)
Test case 'AlbumHomeModelTests/latestLoadWinsAndCancellationDoesNotPublish()' passed on 'Clone 1 of iPhone 17 - PhotoBox (5106)' (2.000 seconds)
Test case 'PhotoBoxTests/appModelResumeAndRestart()' passed on 'Clone 1 of iPhone 17 - PhotoBox (5106)' (2.000 seconds)
Test case 'AlbumLibraryReadingTests/collectionOnlyChangesRefreshHome()' passed on 'Clone 1 of iPhone 17 - PhotoBox (5106)' (2.000 seconds)
Test case 'PhotoBoxTests/restartedScanIgnoresStaleResults()' passed on 'Clone 1 of iPhone 17 - PhotoBox (5106)' (2.000 seconds)
Test case 'PhotoBoxTests/completedProductionScanMaterializesTasksWithoutDuplicates()' passed on 'Clone 1 of iPhone 17 - PhotoBox (5106)' (2.000 seconds)
Test case 'StatisticsProjectionTests/fullRescanInvokesBoundaryOnceAndPreservesLocalHistory()' passed on 'Clone 1 of iPhone 17 - PhotoBox (5106)' (2.000 seconds)
Test case 'ScanCoordinatorTests/overlappingRestartsSerializeDelayedCheckpoints()' passed on 'Clone 1 of iPhone 17 - PhotoBox (5106)' (2.000 seconds)
Test case 'StatisticsProjectionTests/realCoordinatorCancellationPreservesStatisticsUntilResumeCompletes()' passed on 'Clone 1 of iPhone 17 - PhotoBox (5106)' (3.000 seconds)
Test case 'StatisticsProjectionTests/realReaderFailurePreservesStatisticsUntilRestartCompletes()' passed on 'Clone 1 of iPhone 17 - PhotoBox (5106)' (3.000 seconds)
